Report End Points: 
-----+-------+-------+-------+------+------+-----+------+---------------------+---------------------------
     |Group  |Launch |Capture|Shift |Delay |Depth|Slack |Begin Point          |End Point                  
-----+-------+-------+-------+------+------+-----+------+---------------------+---------------------------
1    |default|vsysclk|vsysclk|6000.0|4596.3|   65|1280.3|accumulator_reg[0]/Q |accumulator_reg[63]/D      
2    |default|vsysclk|vsysclk|6000.0|4595.3|   64|1289.2|accumulator_reg[0]/Q |accumulator_reg[62]/D      
3    |default|vsysclk|vsysclk|6000.0|4522.8|   63|1361.7|accumulator_reg[0]/Q |accumulator_reg[61]/D      
4    |default|vsysclk|vsysclk|6000.0|4450.3|   62|1434.2|accumulator_reg[0]/Q |accumulator_reg[60]/D      
5    |default|vsysclk|vsysclk|6000.0|4377.8|   61|1506.7|accumulator_reg[0]/Q |accumulator_reg[59]/D      
6    |default|vsysclk|vsysclk|6000.0|4305.3|   60|1579.2|accumulator_reg[0]/Q |accumulator_reg[58]/D      
7    |default|vsysclk|vsysclk|6000.0|4232.8|   59|1651.7|accumulator_reg[0]/Q |accumulator_reg[57]/D      
8    |default|vsysclk|vsysclk|6000.0|4160.3|   58|1724.2|accumulator_reg[0]/Q |accumulator_reg[56]/D      
9    |default|vsysclk|vsysclk|6000.0|4087.8|   57|1796.7|accumulator_reg[0]/Q |accumulator_reg[55]/D      
10   |default|vsysclk|vsysclk|6000.0|4015.3|   56|1869.2|accumulator_reg[0]/Q |accumulator_reg[54]/D      
11   |default|vsysclk|vsysclk|6000.0|3942.8|   55|1941.7|accumulator_reg[0]/Q |accumulator_reg[53]/D      
12   |default|vsysclk|vsysclk|6000.0|3870.3|   54|2014.2|accumulator_reg[0]/Q |accumulator_reg[52]/D      
13   |default|vsysclk|vsysclk|6000.0|3797.8|   53|2086.7|accumulator_reg[0]/Q |accumulator_reg[51]/D      
14   |default|vsysclk|vsysclk|6000.0|3725.3|   52|2159.2|accumulator_reg[0]/Q |accumulator_reg[50]/D      
15   |default|vsysclk|vsysclk|6000.0|3652.8|   51|2231.7|accumulator_reg[0]/Q |accumulator_reg[49]/D      
16   |default|vsysclk|vsysclk|6000.0|3580.3|   50|2304.2|accumulator_reg[0]/Q |accumulator_reg[48]/D      
17   |default|vsysclk|vsysclk|6000.0|3507.8|   49|2376.7|accumulator_reg[0]/Q |accumulator_reg[47]/D      
18   |default|vsysclk|vsysclk|6000.0|3435.3|   48|2449.2|accumulator_reg[0]/Q |accumulator_reg[46]/D      
19   |default|vsysclk|vsysclk|6000.0|3362.8|   47|2521.7|accumulator_reg[0]/Q |accumulator_reg[45]/D      
20   |default|vsysclk|vsysclk|6000.0|3290.3|   46|2594.2|accumulator_reg[0]/Q |accumulator_reg[44]/D      
21   |default|vsysclk|vsysclk|6000.0|3217.8|   45|2666.7|accumulator_reg[0]/Q |accumulator_reg[43]/D      
22   |default|vsysclk|vsysclk|6000.0|3145.3|   44|2739.2|accumulator_reg[0]/Q |accumulator_reg[42]/D      
23   |default|vsysclk|vsysclk|6000.0|3072.8|   43|2811.7|accumulator_reg[0]/Q |accumulator_reg[41]/D      
24   |default|vsysclk|vsysclk|6000.0|3000.3|   42|2884.2|accumulator_reg[0]/Q |accumulator_reg[40]/D      
25   |default|vsysclk|vsysclk|6000.0|2927.8|   41|2956.7|accumulator_reg[0]/Q |accumulator_reg[39]/D      
26   |default|vsysclk|vsysclk|6000.0|2855.3|   40|3029.2|accumulator_reg[0]/Q |accumulator_reg[38]/D      
27   |default|vsysclk|vsysclk|6000.0|2782.8|   39|3101.7|accumulator_reg[0]/Q |accumulator_reg[37]/D      
28   |default|vsysclk|vsysclk|6000.0|2710.3|   38|3174.2|accumulator_reg[0]/Q |accumulator_reg[36]/D      
29   |default|vsysclk|vsysclk|6000.0|2637.8|   37|3246.7|accumulator_reg[0]/Q |accumulator_reg[35]/D      
30   |default|vsysclk|vsysclk|6000.0|2565.3|   36|3319.2|accumulator_reg[0]/Q |accumulator_reg[34]/D      
31   |default|vsysclk|vsysclk|6000.0|2492.8|   35|3391.7|accumulator_reg[0]/Q |accumulator_reg[33]/D      
32   |default|vsysclk|vsysclk|6000.0|2420.3|   34|3464.2|accumulator_reg[0]/Q |accumulator_reg[32]/D      
33   |default|vsysclk|vsysclk|6000.0|2347.8|   33|3536.7|accumulator_reg[0]/Q |accumulator_reg[31]/D      
34   |default|vsysclk|vsysclk|6000.0|2275.3|   32|3609.2|accumulator_reg[0]/Q |accumulator_reg[30]/D      
35   |default|vsysclk|vsysclk|6000.0|2202.8|   31|3681.7|accumulator_reg[0]/Q |accumulator_reg[29]/D      
36   |default|vsysclk|vsysclk|6000.0|2130.3|   30|3754.2|accumulator_reg[0]/Q |accumulator_reg[28]/D      
37   |default|vsysclk|vsysclk|6000.0|2057.8|   29|3826.7|accumulator_reg[0]/Q |accumulator_reg[27]/D      
38   |default|vsysclk|vsysclk|6000.0|1985.3|   28|3899.2|accumulator_reg[0]/Q |accumulator_reg[26]/D      
39   |default|vsysclk|vsysclk|6000.0|1912.8|   27|3971.7|accumulator_reg[0]/Q |accumulator_reg[25]/D      
40   |default|vsysclk|vsysclk|6000.0|1840.3|   26|4044.2|accumulator_reg[0]/Q |accumulator_reg[24]/D      
41   |default|vsysclk|vsysclk|6000.0|1767.8|   25|4116.7|accumulator_reg[0]/Q |accumulator_reg[23]/D      
42   |default|vsysclk|vsysclk|6000.0|1695.3|   24|4189.2|accumulator_reg[0]/Q |accumulator_reg[22]/D      
43   |default|vsysclk|vsysclk|6000.0|1622.8|   23|4261.7|accumulator_reg[0]/Q |accumulator_reg[21]/D      
44   |default|vsysclk|vsysclk|6000.0|1550.3|   22|4334.2|accumulator_reg[0]/Q |accumulator_reg[20]/D      
45   |default|vsysclk|vsysclk|6000.0|1477.8|   21|4406.7|accumulator_reg[0]/Q |accumulator_reg[19]/D      
46   |default|vsysclk|vsysclk|6000.0|1405.3|   20|4479.2|accumulator_reg[0]/Q |accumulator_reg[18]/D      
47   |default|vsysclk|vsysclk|6000.0|1332.8|   19|4551.7|accumulator_reg[0]/Q |accumulator_reg[17]/D      
48   |default|vsysclk|vsysclk|6000.0|1260.3|   18|4624.2|accumulator_reg[0]/Q |accumulator_reg[16]/D      
49   |default|vsysclk|vsysclk|6000.0|1187.8|   17|4696.7|accumulator_reg[0]/Q |accumulator_reg[15]/D      
50   |default|vsysclk|vsysclk|6000.0|1115.3|   16|4769.2|accumulator_reg[0]/Q |accumulator_reg[14]/D      
51   |default|vsysclk|vsysclk|6000.0|1042.8|   15|4841.7|accumulator_reg[0]/Q |accumulator_reg[13]/D      
52   |default|vsysclk|vsysclk|6000.0| 970.3|   14|4914.2|accumulator_reg[0]/Q |accumulator_reg[12]/D      
53   |default|vsysclk|vsysclk|6000.0| 897.8|   13|4986.7|accumulator_reg[0]/Q |accumulator_reg[11]/D      
54   |default|vsysclk|vsysclk|6000.0| 825.3|   12|5059.2|accumulator_reg[0]/Q |accumulator_reg[10]/D      
55   |default|vsysclk|vsysclk|6000.0| 752.8|   11|5131.7|accumulator_reg[0]/Q |accumulator_reg[9]/D       
56   |default|vsysclk|vsysclk|6000.0| 680.3|   10|5204.2|accumulator_reg[0]/Q |accumulator_reg[8]/D       
57   |default|vsysclk|vsysclk|6000.0| 607.8|    9|5276.7|accumulator_reg[0]/Q |accumulator_reg[7]/D       
58   |default|vsysclk|vsysclk|6000.0| 535.3|    8|5349.2|accumulator_reg[0]/Q |accumulator_reg[6]/D       
59   |default|vsysclk|vsysclk|6000.0| 462.8|    7|5421.7|accumulator_reg[0]/Q |accumulator_reg[5]/D       
60   |default|vsysclk|vsysclk|6000.0| 390.3|    6|5494.2|accumulator_reg[0]/Q |accumulator_reg[4]/D       
61   |default|vsysclk|vsysclk|6000.0| 234.7|    8|5527.0|ctr_reg[1]/Q         |clk_gate_accumulator_reg/E 
62   |default|vsysclk|vsysclk|6000.0| 317.8|    5|5566.7|accumulator_reg[0]/Q |accumulator_reg[3]/D       
63   |default|vsysclk|vsysclk|6000.0| 195.3|    5|5608.1|ctr_reg[0]/Q         |ctr_reg[4]/D               
64   |default|vsysclk|vsysclk|6000.0| 175.7|    5|5627.7|ctr_reg[0]/Q         |ctr_reg[5]/D               
65   |default|vsysclk|vsysclk|6000.0| 245.3|    4|5639.2|accumulator_reg[0]/Q |accumulator_reg[2]/D       
66   |default|vsysclk|vsysclk|6000.0| 157.5|    4|5645.9|ctr_reg[0]/Q         |ctr_reg[3]/D               
67   |default|vsysclk|vsysclk|6000.0| 203.9|    3|5648.0|ctr_reg[5]/Q         |multiplicand_reg[30]/D     
68   |default|vsysclk|vsysclk|6000.0| 203.9|    3|5648.0|ctr_reg[5]/Q         |multiplicand_reg[29]/D     
69   |default|vsysclk|vsysclk|6000.0| 203.9|    3|5648.0|ctr_reg[5]/Q         |multiplicand_reg[28]/D     
70   |default|vsysclk|vsysclk|6000.0| 203.9|    3|5648.0|ctr_reg[5]/Q         |multiplicand_reg[27]/D     
71   |default|vsysclk|vsysclk|6000.0| 203.9|    3|5648.0|ctr_reg[5]/Q         |multiplicand_reg[26]/D     
72   |default|vsysclk|vsysclk|6000.0| 203.9|    3|5648.0|ctr_reg[5]/Q         |multiplicand_reg[25]/D     
73   |default|vsysclk|vsysclk|6000.0| 203.9|    3|5648.0|ctr_reg[5]/Q         |multiplicand_reg[24]/D     
74   |default|vsysclk|vsysclk|6000.0| 203.9|    3|5648.0|ctr_reg[5]/Q         |multiplicand_reg[23]/D     
75   |default|vsysclk|vsysclk|6000.0| 203.9|    3|5648.0|ctr_reg[5]/Q         |multiplicand_reg[22]/D     
76   |default|vsysclk|vsysclk|6000.0| 203.9|    3|5648.0|ctr_reg[5]/Q         |multiplicand_reg[21]/D     
77   |default|vsysclk|vsysclk|6000.0| 203.9|    3|5648.0|ctr_reg[5]/Q         |multiplicand_reg[20]/D     
78   |default|vsysclk|vsysclk|6000.0| 203.9|    3|5648.0|ctr_reg[5]/Q         |multiplicand_reg[19]/D     
79   |default|vsysclk|vsysclk|6000.0| 203.9|    3|5648.0|ctr_reg[5]/Q         |multiplicand_reg[18]/D     
80   |default|vsysclk|vsysclk|6000.0| 203.9|    3|5648.0|ctr_reg[5]/Q         |multiplicand_reg[17]/D     
81   |default|vsysclk|vsysclk|6000.0| 203.9|    3|5648.0|ctr_reg[5]/Q         |multiplicand_reg[16]/D     
82   |default|vsysclk|vsysclk|6000.0| 203.9|    3|5648.0|ctr_reg[5]/Q         |multiplicand_reg[15]/D     
83   |default|vsysclk|vsysclk|6000.0| 203.9|    3|5648.0|ctr_reg[5]/Q         |multiplicand_reg[14]/D     
84   |default|vsysclk|vsysclk|6000.0| 203.9|    3|5648.0|ctr_reg[5]/Q         |multiplicand_reg[13]/D     
85   |default|vsysclk|vsysclk|6000.0| 203.9|    3|5648.0|ctr_reg[5]/Q         |multiplicand_reg[12]/D     
86   |default|vsysclk|vsysclk|6000.0| 203.9|    3|5648.0|ctr_reg[5]/Q         |multiplicand_reg[11]/D     
87   |default|vsysclk|vsysclk|6000.0| 203.9|    3|5648.0|ctr_reg[5]/Q         |multiplicand_reg[10]/D     
88   |default|vsysclk|vsysclk|6000.0| 203.9|    3|5648.0|ctr_reg[5]/Q         |multiplicand_reg[9]/D      
89   |default|vsysclk|vsysclk|6000.0| 203.9|    3|5648.0|ctr_reg[5]/Q         |multiplicand_reg[8]/D      
90   |default|vsysclk|vsysclk|6000.0| 203.9|    3|5648.0|ctr_reg[5]/Q         |multiplicand_reg[7]/D      
91   |default|vsysclk|vsysclk|6000.0| 203.9|    3|5648.0|ctr_reg[5]/Q         |multiplicand_reg[6]/D      
92   |default|vsysclk|vsysclk|6000.0| 203.9|    3|5648.0|ctr_reg[5]/Q         |multiplicand_reg[5]/D      
93   |default|vsysclk|vsysclk|6000.0| 203.9|    3|5648.0|ctr_reg[5]/Q         |multiplicand_reg[4]/D      
94   |default|vsysclk|vsysclk|6000.0| 203.9|    3|5648.0|ctr_reg[5]/Q         |multiplicand_reg[3]/D      
95   |default|vsysclk|vsysclk|6000.0| 203.9|    3|5648.0|ctr_reg[5]/Q         |multiplicand_reg[2]/D      
96   |default|vsysclk|vsysclk|6000.0| 203.9|    3|5648.0|ctr_reg[5]/Q         |multiplicand_reg[1]/D      
97   |default|vsysclk|vsysclk|6000.0| 119.7|    3|5683.7|ctr_reg[0]/Q         |ctr_reg[2]/D               
98   |default|vsysclk|vsysclk|6000.0| 158.9|    3|5707.4|multiplicand_reg[0]/Q|accumulator_reg[1]/D       
99   |default|vsysclk|vsysclk|6000.0|  82.1|    2|5721.3|ctr_reg[0]/Q         |ctr_reg[1]/D               
100  |default|vsysclk|vsysclk|6000.0|  79.0|    2|5723.3|ctr_reg[5]/Q         |clk_gate_product_reg/E     
101  |default|vsysclk|vsysclk|6000.0| 145.3|    3|5725.6|ctr_reg[5]/Q         |multiplicand_reg[31]/D     
102  |default|vsysclk|vsysclk|6000.0| 125.2|    3|5746.4|ctr_reg[5]/Q         |multiplicand_reg[63]/D     
103  |default|vsysclk|vsysclk|6000.0| 125.2|    3|5746.4|ctr_reg[5]/Q         |multiplicand_reg[62]/D     
104  |default|vsysclk|vsysclk|6000.0| 125.2|    3|5746.4|ctr_reg[5]/Q         |multiplicand_reg[61]/D     
105  |default|vsysclk|vsysclk|6000.0| 125.2|    3|5746.4|ctr_reg[5]/Q         |multiplicand_reg[60]/D     
106  |default|vsysclk|vsysclk|6000.0| 125.2|    3|5746.4|ctr_reg[5]/Q         |multiplicand_reg[59]/D     
107  |default|vsysclk|vsysclk|6000.0| 125.2|    3|5746.4|ctr_reg[5]/Q         |multiplicand_reg[58]/D     
108  |default|vsysclk|vsysclk|6000.0| 125.2|    3|5746.4|ctr_reg[5]/Q         |multiplicand_reg[57]/D     
109  |default|vsysclk|vsysclk|6000.0| 125.2|    3|5746.4|ctr_reg[5]/Q         |multiplicand_reg[56]/D     
110  |default|vsysclk|vsysclk|6000.0| 125.2|    3|5746.4|ctr_reg[5]/Q         |multiplicand_reg[55]/D     
111  |default|vsysclk|vsysclk|6000.0| 125.2|    3|5746.4|ctr_reg[5]/Q         |multiplicand_reg[54]/D     
112  |default|vsysclk|vsysclk|6000.0| 125.2|    3|5746.4|ctr_reg[5]/Q         |multiplicand_reg[53]/D     
113  |default|vsysclk|vsysclk|6000.0| 125.2|    3|5746.4|ctr_reg[5]/Q         |multiplicand_reg[52]/D     
114  |default|vsysclk|vsysclk|6000.0| 125.2|    3|5746.4|ctr_reg[5]/Q         |multiplicand_reg[51]/D     
115  |default|vsysclk|vsysclk|6000.0| 125.2|    3|5746.4|ctr_reg[5]/Q         |multiplicand_reg[50]/D     
116  |default|vsysclk|vsysclk|6000.0| 125.2|    3|5746.4|ctr_reg[5]/Q         |multiplicand_reg[49]/D     
117  |default|vsysclk|vsysclk|6000.0| 125.2|    3|5746.4|ctr_reg[5]/Q         |multiplicand_reg[48]/D     
118  |default|vsysclk|vsysclk|6000.0| 125.2|    3|5746.4|ctr_reg[5]/Q         |multiplicand_reg[47]/D     
119  |default|vsysclk|vsysclk|6000.0| 125.2|    3|5746.4|ctr_reg[5]/Q         |multiplicand_reg[46]/D     
120  |default|vsysclk|vsysclk|6000.0| 125.2|    3|5746.4|ctr_reg[5]/Q         |multiplicand_reg[45]/D     
121  |default|vsysclk|vsysclk|6000.0| 125.2|    3|5746.4|ctr_reg[5]/Q         |multiplicand_reg[44]/D     
122  |default|vsysclk|vsysclk|6000.0| 125.2|    3|5746.4|ctr_reg[5]/Q         |multiplicand_reg[43]/D     
123  |default|vsysclk|vsysclk|6000.0| 125.2|    3|5746.4|ctr_reg[5]/Q         |multiplicand_reg[42]/D     
124  |default|vsysclk|vsysclk|6000.0| 125.2|    3|5746.4|ctr_reg[5]/Q         |multiplicand_reg[41]/D     
125  |default|vsysclk|vsysclk|6000.0| 125.2|    3|5746.4|ctr_reg[5]/Q         |multiplicand_reg[40]/D     
126  |default|vsysclk|vsysclk|6000.0| 125.2|    3|5746.4|ctr_reg[5]/Q         |multiplicand_reg[39]/D     
127  |default|vsysclk|vsysclk|6000.0| 125.2|    3|5746.4|ctr_reg[5]/Q         |multiplicand_reg[38]/D     
128  |default|vsysclk|vsysclk|6000.0| 125.2|    3|5746.4|ctr_reg[5]/Q         |multiplicand_reg[37]/D     
129  |default|vsysclk|vsysclk|6000.0| 125.2|    3|5746.4|ctr_reg[5]/Q         |multiplicand_reg[36]/D     
130  |default|vsysclk|vsysclk|6000.0| 125.2|    3|5746.4|ctr_reg[5]/Q         |multiplicand_reg[35]/D     
131  |default|vsysclk|vsysclk|6000.0| 125.2|    3|5746.4|ctr_reg[5]/Q         |multiplicand_reg[34]/D     
132  |default|vsysclk|vsysclk|6000.0| 125.2|    3|5746.4|ctr_reg[5]/Q         |multiplicand_reg[33]/D     
133  |default|vsysclk|vsysclk|6000.0| 125.2|    3|5746.4|ctr_reg[5]/Q         |multiplicand_reg[32]/D     
134  |default|vsysclk|vsysclk|6000.0|   9.8|    1|5785.7|ctr_reg[0]/Q         |ctr_reg[0]/D               
135  |default|vsysclk|vsysclk|6000.0|  84.5|    2|5789.7|multiplicand_reg[0]/Q|accumulator_reg[0]/D       
136  |default|vsysclk|vsysclk|6000.0|  17.9|    1|5801.0|ctr_reg[5]/Q         |clk_gate_multiplicand_reg/E
137  |default|vsysclk|vsysclk|6000.0|   0.0|    0|5873.5|accumulator_reg[63]/Q|product_reg[63]/D          
138  |default|vsysclk|vsysclk|6000.0|   0.0|    0|5873.9|accumulator_reg[62]/Q|product_reg[62]/D          
139  |default|vsysclk|vsysclk|6000.0|   0.0|    0|5873.9|accumulator_reg[61]/Q|product_reg[61]/D          
140  |default|vsysclk|vsysclk|6000.0|   0.0|    0|5873.9|accumulator_reg[60]/Q|product_reg[60]/D          
141  |default|vsysclk|vsysclk|6000.0|   0.0|    0|5873.9|accumulator_reg[59]/Q|product_reg[59]/D          
142  |default|vsysclk|vsysclk|6000.0|   0.0|    0|5873.9|accumulator_reg[58]/Q|product_reg[58]/D          
143  |default|vsysclk|vsysclk|6000.0|   0.0|    0|5873.9|accumulator_reg[57]/Q|product_reg[57]/D          
144  |default|vsysclk|vsysclk|6000.0|   0.0|    0|5873.9|accumulator_reg[56]/Q|product_reg[56]/D          
145  |default|vsysclk|vsysclk|6000.0|   0.0|    0|5873.9|accumulator_reg[55]/Q|product_reg[55]/D          
146  |default|vsysclk|vsysclk|6000.0|   0.0|    0|5873.9|accumulator_reg[54]/Q|product_reg[54]/D          
147  |default|vsysclk|vsysclk|6000.0|   0.0|    0|5873.9|accumulator_reg[53]/Q|product_reg[53]/D          
148  |default|vsysclk|vsysclk|6000.0|   0.0|    0|5873.9|accumulator_reg[52]/Q|product_reg[52]/D          
149  |default|vsysclk|vsysclk|6000.0|   0.0|    0|5873.9|accumulator_reg[51]/Q|product_reg[51]/D          
150  |default|vsysclk|vsysclk|6000.0|   0.0|    0|5873.9|accumulator_reg[50]/Q|product_reg[50]/D          
151  |default|vsysclk|vsysclk|6000.0|   0.0|    0|5873.9|accumulator_reg[49]/Q|product_reg[49]/D          
152  |default|vsysclk|vsysclk|6000.0|   0.0|    0|5873.9|accumulator_reg[48]/Q|product_reg[48]/D          
153  |default|vsysclk|vsysclk|6000.0|   0.0|    0|5873.9|accumulator_reg[47]/Q|product_reg[47]/D          
154  |default|vsysclk|vsysclk|6000.0|   0.0|    0|5873.9|accumulator_reg[46]/Q|product_reg[46]/D          
155  |default|vsysclk|vsysclk|6000.0|   0.0|    0|5873.9|accumulator_reg[45]/Q|product_reg[45]/D          
156  |default|vsysclk|vsysclk|6000.0|   0.0|    0|5873.9|accumulator_reg[44]/Q|product_reg[44]/D          
157  |default|vsysclk|vsysclk|6000.0|   0.0|    0|5873.9|accumulator_reg[43]/Q|product_reg[43]/D          
158  |default|vsysclk|vsysclk|6000.0|   0.0|    0|5873.9|accumulator_reg[42]/Q|product_reg[42]/D          
159  |default|vsysclk|vsysclk|6000.0|   0.0|    0|5873.9|accumulator_reg[41]/Q|product_reg[41]/D          
160  |default|vsysclk|vsysclk|6000.0|   0.0|    0|5873.9|accumulator_reg[40]/Q|product_reg[40]/D          
161  |default|vsysclk|vsysclk|6000.0|   0.0|    0|5873.9|accumulator_reg[39]/Q|product_reg[39]/D          
162  |default|vsysclk|vsysclk|6000.0|   0.0|    0|5873.9|accumulator_reg[38]/Q|product_reg[38]/D          
163  |default|vsysclk|vsysclk|6000.0|   0.0|    0|5873.9|accumulator_reg[37]/Q|product_reg[37]/D          
164  |default|vsysclk|vsysclk|6000.0|   0.0|    0|5873.9|accumulator_reg[36]/Q|product_reg[36]/D          
165  |default|vsysclk|vsysclk|6000.0|   0.0|    0|5873.9|accumulator_reg[35]/Q|product_reg[35]/D          
166  |default|vsysclk|vsysclk|6000.0|   0.0|    0|5873.9|accumulator_reg[34]/Q|product_reg[34]/D          
167  |default|vsysclk|vsysclk|6000.0|   0.0|    0|5873.9|accumulator_reg[33]/Q|product_reg[33]/D          
168  |default|vsysclk|vsysclk|6000.0|   0.0|    0|5873.9|accumulator_reg[32]/Q|product_reg[32]/D          
169  |default|vsysclk|vsysclk|6000.0|   0.0|    0|5873.9|accumulator_reg[31]/Q|product_reg[31]/D          
170  |default|vsysclk|vsysclk|6000.0|   0.0|    0|5873.9|accumulator_reg[30]/Q|product_reg[30]/D          
171  |default|vsysclk|vsysclk|6000.0|   0.0|    0|5873.9|accumulator_reg[29]/Q|product_reg[29]/D          
172  |default|vsysclk|vsysclk|6000.0|   0.0|    0|5873.9|accumulator_reg[28]/Q|product_reg[28]/D          
173  |default|vsysclk|vsysclk|6000.0|   0.0|    0|5873.9|accumulator_reg[27]/Q|product_reg[27]/D          
174  |default|vsysclk|vsysclk|6000.0|   0.0|    0|5873.9|accumulator_reg[26]/Q|product_reg[26]/D          
175  |default|vsysclk|vsysclk|6000.0|   0.0|    0|5873.9|accumulator_reg[25]/Q|product_reg[25]/D          
176  |default|vsysclk|vsysclk|6000.0|   0.0|    0|5873.9|accumulator_reg[24]/Q|product_reg[24]/D          
177  |default|vsysclk|vsysclk|6000.0|   0.0|    0|5873.9|accumulator_reg[23]/Q|product_reg[23]/D          
178  |default|vsysclk|vsysclk|6000.0|   0.0|    0|5873.9|accumulator_reg[22]/Q|product_reg[22]/D          
179  |default|vsysclk|vsysclk|6000.0|   0.0|    0|5873.9|accumulator_reg[21]/Q|product_reg[21]/D          
180  |default|vsysclk|vsysclk|6000.0|   0.0|    0|5873.9|accumulator_reg[20]/Q|product_reg[20]/D          
181  |default|vsysclk|vsysclk|6000.0|   0.0|    0|5873.9|accumulator_reg[19]/Q|product_reg[19]/D          
182  |default|vsysclk|vsysclk|6000.0|   0.0|    0|5873.9|accumulator_reg[18]/Q|product_reg[18]/D          
183  |default|vsysclk|vsysclk|6000.0|   0.0|    0|5873.9|accumulator_reg[17]/Q|product_reg[17]/D          
184  |default|vsysclk|vsysclk|6000.0|   0.0|    0|5873.9|accumulator_reg[16]/Q|product_reg[16]/D          
185  |default|vsysclk|vsysclk|6000.0|   0.0|    0|5873.9|accumulator_reg[15]/Q|product_reg[15]/D          
186  |default|vsysclk|vsysclk|6000.0|   0.0|    0|5873.9|accumulator_reg[14]/Q|product_reg[14]/D          
187  |default|vsysclk|vsysclk|6000.0|   0.0|    0|5873.9|accumulator_reg[13]/Q|product_reg[13]/D          
188  |default|vsysclk|vsysclk|6000.0|   0.0|    0|5873.9|accumulator_reg[12]/Q|product_reg[12]/D          
189  |default|vsysclk|vsysclk|6000.0|   0.0|    0|5873.9|accumulator_reg[11]/Q|product_reg[11]/D          
190  |default|vsysclk|vsysclk|6000.0|   0.0|    0|5873.9|accumulator_reg[10]/Q|product_reg[10]/D          
191  |default|vsysclk|vsysclk|6000.0|   0.0|    0|5873.9|accumulator_reg[9]/Q |product_reg[9]/D           
192  |default|vsysclk|vsysclk|6000.0|   0.0|    0|5873.9|accumulator_reg[8]/Q |product_reg[8]/D           
193  |default|vsysclk|vsysclk|6000.0|   0.0|    0|5873.9|accumulator_reg[7]/Q |product_reg[7]/D           
194  |default|vsysclk|vsysclk|6000.0|   0.0|    0|5873.9|accumulator_reg[6]/Q |product_reg[6]/D           
195  |default|vsysclk|vsysclk|6000.0|   0.0|    0|5873.9|accumulator_reg[5]/Q |product_reg[5]/D           
196  |default|vsysclk|vsysclk|6000.0|   0.0|    0|5873.9|accumulator_reg[4]/Q |product_reg[4]/D           
197  |default|vsysclk|vsysclk|6000.0|   0.0|    0|5873.9|accumulator_reg[3]/Q |product_reg[3]/D           
198  |default|vsysclk|vsysclk|6000.0|   0.0|    0|5873.9|accumulator_reg[2]/Q |product_reg[2]/D           
199  |default|vsysclk|vsysclk|6000.0|   0.0|    0|5873.9|accumulator_reg[1]/Q |product_reg[1]/D           
200  |default|vsysclk|vsysclk|6000.0|   0.0|    0|5874.1|accumulator_reg[0]/Q |product_reg[0]/D           
-----+-------+-------+-------+------+------+-----+------+---------------------+---------------------------
Report End Points: 
-----+-----+-------+-------+------+------+-----+------+-----------+----------------------
     |Group|Launch |Capture|Shift |Delay |Depth|Slack |Begin Point|End Point             
-----+-----+-------+-------+------+------+-----+------+-----------+----------------------
1    |I2R  |vsysclk|vsysclk|6000.0|1117.2|   22|4644.8|x[31]      |multiplicand_reg[28]/D
2    |I2R  |vsysclk|vsysclk|6000.0|1115.2|   23|4646.8|x[31]      |multiplicand_reg[30]/D
3    |I2R  |vsysclk|vsysclk|6000.0|1101.6|   23|4660.4|x[31]      |multiplicand_reg[29]/D
4    |I2R  |vsysclk|vsysclk|6000.0|1090.4|   23|4669.7|x[31]      |multiplicand_reg[63]/D
5    |I2R  |vsysclk|vsysclk|6000.0|1090.4|   23|4669.7|x[31]      |multiplicand_reg[62]/D
6    |I2R  |vsysclk|vsysclk|6000.0|1090.4|   23|4669.7|x[31]      |multiplicand_reg[61]/D
7    |I2R  |vsysclk|vsysclk|6000.0|1090.4|   23|4669.7|x[31]      |multiplicand_reg[60]/D
8    |I2R  |vsysclk|vsysclk|6000.0|1090.4|   23|4669.7|x[31]      |multiplicand_reg[59]/D
9    |I2R  |vsysclk|vsysclk|6000.0|1090.4|   23|4669.7|x[31]      |multiplicand_reg[58]/D
10   |I2R  |vsysclk|vsysclk|6000.0|1090.4|   23|4669.7|x[31]      |multiplicand_reg[57]/D
11   |I2R  |vsysclk|vsysclk|6000.0|1090.4|   23|4669.7|x[31]      |multiplicand_reg[56]/D
12   |I2R  |vsysclk|vsysclk|6000.0|1090.4|   23|4669.7|x[31]      |multiplicand_reg[55]/D
13   |I2R  |vsysclk|vsysclk|6000.0|1090.4|   23|4669.7|x[31]      |multiplicand_reg[54]/D
14   |I2R  |vsysclk|vsysclk|6000.0|1090.4|   23|4669.7|x[31]      |multiplicand_reg[53]/D
15   |I2R  |vsysclk|vsysclk|6000.0|1090.4|   23|4669.7|x[31]      |multiplicand_reg[52]/D
16   |I2R  |vsysclk|vsysclk|6000.0|1090.4|   23|4669.7|x[31]      |multiplicand_reg[51]/D
17   |I2R  |vsysclk|vsysclk|6000.0|1090.4|   23|4669.7|x[31]      |multiplicand_reg[50]/D
18   |I2R  |vsysclk|vsysclk|6000.0|1090.4|   23|4669.7|x[31]      |multiplicand_reg[49]/D
19   |I2R  |vsysclk|vsysclk|6000.0|1090.4|   23|4669.7|x[31]      |multiplicand_reg[48]/D
20   |I2R  |vsysclk|vsysclk|6000.0|1090.4|   23|4669.7|x[31]      |multiplicand_reg[47]/D
21   |I2R  |vsysclk|vsysclk|6000.0|1090.4|   23|4669.7|x[31]      |multiplicand_reg[46]/D
22   |I2R  |vsysclk|vsysclk|6000.0|1090.4|   23|4669.7|x[31]      |multiplicand_reg[45]/D
23   |I2R  |vsysclk|vsysclk|6000.0|1090.4|   23|4669.7|x[31]      |multiplicand_reg[44]/D
24   |I2R  |vsysclk|vsysclk|6000.0|1090.4|   23|4669.7|x[31]      |multiplicand_reg[43]/D
25   |I2R  |vsysclk|vsysclk|6000.0|1090.4|   23|4669.7|x[31]      |multiplicand_reg[42]/D
26   |I2R  |vsysclk|vsysclk|6000.0|1090.4|   23|4669.7|x[31]      |multiplicand_reg[41]/D
27   |I2R  |vsysclk|vsysclk|6000.0|1090.4|   23|4669.7|x[31]      |multiplicand_reg[40]/D
28   |I2R  |vsysclk|vsysclk|6000.0|1090.4|   23|4669.7|x[31]      |multiplicand_reg[39]/D
29   |I2R  |vsysclk|vsysclk|6000.0|1090.4|   23|4669.7|x[31]      |multiplicand_reg[38]/D
30   |I2R  |vsysclk|vsysclk|6000.0|1090.4|   23|4669.7|x[31]      |multiplicand_reg[37]/D
31   |I2R  |vsysclk|vsysclk|6000.0|1090.4|   23|4669.7|x[31]      |multiplicand_reg[36]/D
32   |I2R  |vsysclk|vsysclk|6000.0|1090.4|   23|4669.7|x[31]      |multiplicand_reg[35]/D
33   |I2R  |vsysclk|vsysclk|6000.0|1090.4|   23|4669.7|x[31]      |multiplicand_reg[34]/D
34   |I2R  |vsysclk|vsysclk|6000.0|1090.4|   23|4669.7|x[31]      |multiplicand_reg[33]/D
35   |I2R  |vsysclk|vsysclk|6000.0|1090.4|   23|4669.7|x[31]      |multiplicand_reg[32]/D
36   |I2R  |vsysclk|vsysclk|6000.0|1083.9|   22|4678.1|x[31]      |multiplicand_reg[27]/D
37   |I2R  |vsysclk|vsysclk|6000.0|1071.7|   23|4694.6|x[31]      |multiplicand_reg[31]/D
38   |I2R  |vsysclk|vsysclk|6000.0|1052.4|   23|4713.9|x[31]      |multiplier_reg[31]/D  
39   |I2R  |vsysclk|vsysclk|6000.0|1047.5|   21|4714.5|x[31]      |multiplicand_reg[26]/D
40   |I2R  |vsysclk|vsysclk|6000.0|1019.9|   21|4739.4|x[31]      |multiplier_reg[28]/D  
41   |I2R  |vsysclk|vsysclk|6000.0|1018.0|   22|4741.3|x[31]      |multiplier_reg[30]/D  
42   |I2R  |vsysclk|vsysclk|6000.0|1004.7|   22|4754.6|x[31]      |multiplier_reg[29]/D  
43   |I2R  |vsysclk|vsysclk|6000.0| 991.4|   20|4770.6|x[31]      |multiplicand_reg[25]/D
44   |I2R  |vsysclk|vsysclk|6000.0| 987.9|   21|4771.4|x[31]      |multiplier_reg[27]/D  
45   |I2R  |vsysclk|vsysclk|6000.0| 983.3|   19|4778.7|x[31]      |multiplicand_reg[23]/D
46   |I2R  |vsysclk|vsysclk|6000.0| 967.6|   20|4794.4|x[31]      |multiplicand_reg[24]/D
47   |I2R  |vsysclk|vsysclk|6000.0| 950.2|   20|4809.1|x[31]      |multiplier_reg[26]/D  
48   |I2R  |vsysclk|vsysclk|6000.0| 937.4|   18|4824.6|x[31]      |multiplicand_reg[22]/D
49   |I2R  |vsysclk|vsysclk|6000.0| 894.0|   19|4865.3|x[31]      |multiplier_reg[25]/D  
50   |I2R  |vsysclk|vsysclk|6000.0| 886.1|   18|4873.2|x[31]      |multiplier_reg[23]/D  
51   |I2R  |vsysclk|vsysclk|6000.0| 886.6|   17|4875.4|x[31]      |multiplicand_reg[21]/D
52   |I2R  |vsysclk|vsysclk|6000.0| 870.7|   19|4888.6|x[31]      |multiplier_reg[24]/D  
53   |I2R  |vsysclk|vsysclk|6000.0| 861.9|   16|4900.1|x[31]      |multiplicand_reg[18]/D
54   |I2R  |vsysclk|vsysclk|6000.0| 860.1|   17|4901.9|x[31]      |multiplicand_reg[20]/D
55   |I2R  |vsysclk|vsysclk|6000.0| 846.2|   17|4915.8|x[31]      |multiplicand_reg[19]/D
56   |I2R  |vsysclk|vsysclk|6000.0| 840.1|   17|4919.2|x[31]      |multiplier_reg[22]/D  
57   |I2R  |vsysclk|vsysclk|6000.0| 813.2|   15|4948.8|x[31]      |multiplicand_reg[17]/D
58   |I2R  |vsysclk|vsysclk|6000.0| 788.8|   16|4970.5|x[31]      |multiplier_reg[21]/D  
59   |I2R  |vsysclk|vsysclk|6000.0| 779.6|   15|4982.4|x[31]      |multiplicand_reg[16]/D
60   |I2R  |vsysclk|vsysclk|6000.0| 764.7|   15|4994.6|x[31]      |multiplier_reg[18]/D  
61   |I2R  |vsysclk|vsysclk|6000.0| 762.9|   16|4996.4|x[31]      |multiplier_reg[20]/D  
62   |I2R  |vsysclk|vsysclk|6000.0| 749.3|   16|5010.0|x[31]      |multiplier_reg[19]/D  
63   |I2R  |vsysclk|vsysclk|6000.0| 751.5|   14|5010.5|x[31]      |multiplicand_reg[15]/D
64   |I2R  |vsysclk|vsysclk|6000.0| 715.9|   14|5043.4|x[31]      |multiplier_reg[17]/D  
65   |I2R  |vsysclk|vsysclk|6000.0| 695.4|   13|5066.6|x[31]      |multiplicand_reg[14]/D
66   |I2R  |vsysclk|vsysclk|6000.0| 687.3|   12|5074.7|x[31]      |multiplicand_reg[12]/D
67   |I2R  |vsysclk|vsysclk|6000.0| 683.6|   14|5075.7|x[31]      |multiplier_reg[16]/D  
68   |I2R  |vsysclk|vsysclk|6000.0| 671.5|   13|5090.5|x[31]      |multiplicand_reg[13]/D
69   |I2R  |vsysclk|vsysclk|6000.0| 654.2|   13|5105.1|x[31]      |multiplier_reg[15]/D  
70   |I2R  |vsysclk|vsysclk|6000.0| 638.2|   10|5123.8|x[31]      |multiplicand_reg[10]/D
71   |I2R  |vsysclk|vsysclk|6000.0| 629.1|   11|5132.9|x[31]      |multiplicand_reg[11]/D
72   |I2R  |vsysclk|vsysclk|6000.0| 604.6|   10|5157.4|x[31]      |multiplicand_reg[9]/D 
73   |I2R  |vsysclk|vsysclk|6000.0| 598.0|   12|5161.3|x[31]      |multiplier_reg[14]/D  
74   |I2R  |vsysclk|vsysclk|6000.0| 590.0|   11|5169.3|x[31]      |multiplier_reg[12]/D  
75   |I2R  |vsysclk|vsysclk|6000.0| 574.6|   12|5184.7|x[31]      |multiplier_reg[13]/D  
76   |I2R  |vsysclk|vsysclk|6000.0| 574.8|    9|5187.2|x[31]      |multiplicand_reg[8]/D 
77   |I2R  |vsysclk|vsysclk|6000.0| 540.9|    9|5218.4|x[31]      |multiplier_reg[10]/D  
78   |I2R  |vsysclk|vsysclk|6000.0| 532.1|   10|5227.2|x[31]      |multiplier_reg[11]/D  
79   |I2R  |vsysclk|vsysclk|6000.0| 530.2|    8|5231.8|x[31]      |multiplicand_reg[7]/D 
80   |I2R  |vsysclk|vsysclk|6000.0| 508.6|    9|5250.7|x[31]      |multiplier_reg[9]/D   
81   |I2R  |vsysclk|vsysclk|6000.0| 496.6|    8|5265.4|x[31]      |multiplicand_reg[6]/D 
82   |I2R  |vsysclk|vsysclk|6000.0| 477.5|    8|5281.8|x[31]      |multiplier_reg[8]/D   
83   |I2R  |vsysclk|vsysclk|6000.0| 468.5|    7|5293.5|x[31]      |multiplicand_reg[5]/D 
84   |I2R  |vsysclk|vsysclk|6000.0| 432.9|    7|5326.4|x[31]      |multiplier_reg[7]/D   
85   |I2R  |vsysclk|vsysclk|6000.0| 424.0|    6|5338.0|x[31]      |multiplicand_reg[4]/D 
86   |I2R  |vsysclk|vsysclk|6000.0| 400.6|    7|5358.7|x[31]      |multiplier_reg[6]/D   
87   |I2R  |vsysclk|vsysclk|6000.0| 382.4|    5|5379.6|x[31]      |multiplicand_reg[3]/D 
88   |I2R  |vsysclk|vsysclk|6000.0| 371.2|    6|5388.1|x[31]      |multiplier_reg[5]/D   
89   |I2R  |vsysclk|vsysclk|6000.0| 348.8|    5|5413.2|x[31]      |multiplicand_reg[2]/D 
90   |I2R  |vsysclk|vsysclk|6000.0| 326.7|    5|5432.6|x[31]      |multiplier_reg[4]/D   
91   |I2R  |vsysclk|vsysclk|6000.0| 316.6|    4|5445.4|y[1]       |multiplicand_reg[1]/D 
92   |I2R  |vsysclk|vsysclk|6000.0| 285.1|    4|5474.2|x[31]      |multiplier_reg[3]/D   
93   |I2R  |vsysclk|vsysclk|6000.0| 252.8|    4|5506.5|x[31]      |multiplier_reg[2]/D   
94   |I2R  |vsysclk|vsysclk|6000.0| 236.1|    3|5532.5|x[1]       |multiplier_reg[1]/D   
95   |I2R  |vsysclk|vsysclk|6000.0| 179.5|    2|5589.7|y[0]       |multiplicand_reg[0]/D 
96   |I2R  |vsysclk|vsysclk|6000.0| 148.0|    1|5617.8|x[0]       |multiplier_reg[0]/D   
-----+-----+-------+-------+------+------+-----+------+-----------+----------------------
Report End Points: 
-----+-----+------+-------+-----+-----+-----+-----+-----------+---------
     |Group|Launch|Capture|Shift|Delay|Depth|Slack|Begin Point|End Point
-----+-----+------+-------+-----+-----+-----+-----+-----------+---------
1    |I2O  |      |       |     |     |     |     |           |         
-----+-----+------+-------+-----+-----+-----+-----+-----------+---------
Report End Points: 
-----+-----+-------+-------+------+-----+-----+------+-----------------+-----------
     |Group|Launch |Capture|Shift |Delay|Depth|Slack |Begin Point      |End Point  
-----+-----+-------+-------+------+-----+-----+------+-----------------+-----------
1    |R2O  |vsysclk|vsysclk|6000.0|  0.6|    0|5402.8|product_reg[62]/Q|product[62]
2    |R2O  |vsysclk|vsysclk|6000.0|  0.6|    0|5402.8|product_reg[59]/Q|product[59]
3    |R2O  |vsysclk|vsysclk|6000.0|  0.6|    0|5402.8|product_reg[54]/Q|product[54]
4    |R2O  |vsysclk|vsysclk|6000.0|  0.6|    0|5402.8|product_reg[51]/Q|product[51]
5    |R2O  |vsysclk|vsysclk|6000.0|  0.6|    0|5402.8|product_reg[46]/Q|product[46]
6    |R2O  |vsysclk|vsysclk|6000.0|  0.6|    0|5402.8|product_reg[44]/Q|product[44]
7    |R2O  |vsysclk|vsysclk|6000.0|  0.6|    0|5402.8|product_reg[41]/Q|product[41]
8    |R2O  |vsysclk|vsysclk|6000.0|  0.6|    0|5402.9|product_reg[39]/Q|product[39]
9    |R2O  |vsysclk|vsysclk|6000.0|  0.6|    0|5402.9|product_reg[37]/Q|product[37]
10   |R2O  |vsysclk|vsysclk|6000.0|  0.6|    0|5402.9|product_reg[35]/Q|product[35]
11   |R2O  |vsysclk|vsysclk|6000.0|  0.6|    0|5402.9|product_reg[33]/Q|product[33]
12   |R2O  |vsysclk|vsysclk|6000.0|  0.6|    0|5402.9|product_reg[31]/Q|product[31]
13   |R2O  |vsysclk|vsysclk|6000.0|  0.6|    0|5402.9|product_reg[29]/Q|product[29]
14   |R2O  |vsysclk|vsysclk|6000.0|  0.6|    0|5402.9|product_reg[27]/Q|product[27]
15   |R2O  |vsysclk|vsysclk|6000.0|  0.6|    0|5402.9|product_reg[25]/Q|product[25]
16   |R2O  |vsysclk|vsysclk|6000.0|  0.6|    0|5402.9|product_reg[23]/Q|product[23]
17   |R2O  |vsysclk|vsysclk|6000.0|  0.6|    0|5402.9|product_reg[21]/Q|product[21]
18   |R2O  |vsysclk|vsysclk|6000.0|  0.6|    0|5403.0|product_reg[19]/Q|product[19]
19   |R2O  |vsysclk|vsysclk|6000.0|  0.6|    0|5403.0|product_reg[17]/Q|product[17]
20   |R2O  |vsysclk|vsysclk|6000.0|  0.6|    0|5403.0|product_reg[15]/Q|product[15]
21   |R2O  |vsysclk|vsysclk|6000.0|  0.6|    0|5403.0|product_reg[13]/Q|product[13]
22   |R2O  |vsysclk|vsysclk|6000.0|  0.6|    0|5403.0|product_reg[11]/Q|product[11]
23   |R2O  |vsysclk|vsysclk|6000.0|  0.6|    0|5403.0|product_reg[9]/Q |product[9] 
24   |R2O  |vsysclk|vsysclk|6000.0|  0.6|    0|5403.0|product_reg[7]/Q |product[7] 
25   |R2O  |vsysclk|vsysclk|6000.0|  0.6|    0|5403.0|product_reg[5]/Q |product[5] 
26   |R2O  |vsysclk|vsysclk|6000.0|  0.5|    0|5403.1|product_reg[3]/Q |product[3] 
27   |R2O  |vsysclk|vsysclk|6000.0|  0.5|    0|5403.1|product_reg[1]/Q |product[1] 
28   |R2O  |vsysclk|vsysclk|6000.0|  0.5|    0|5403.3|product_reg[63]/Q|product[63]
29   |R2O  |vsysclk|vsysclk|6000.0|  0.5|    0|5403.3|product_reg[60]/Q|product[60]
30   |R2O  |vsysclk|vsysclk|6000.0|  0.5|    0|5403.3|product_reg[55]/Q|product[55]
31   |R2O  |vsysclk|vsysclk|6000.0|  0.5|    0|5403.3|product_reg[52]/Q|product[52]
32   |R2O  |vsysclk|vsysclk|6000.0|  0.5|    0|5403.3|product_reg[47]/Q|product[47]
33   |R2O  |vsysclk|vsysclk|6000.0|  0.5|    0|5403.4|product_reg[61]/Q|product[61]
34   |R2O  |vsysclk|vsysclk|6000.0|  0.5|    0|5403.4|product_reg[58]/Q|product[58]
35   |R2O  |vsysclk|vsysclk|6000.0|  0.5|    0|5403.4|product_reg[56]/Q|product[56]
36   |R2O  |vsysclk|vsysclk|6000.0|  0.5|    0|5403.4|product_reg[53]/Q|product[53]
37   |R2O  |vsysclk|vsysclk|6000.0|  0.5|    0|5403.4|product_reg[50]/Q|product[50]
38   |R2O  |vsysclk|vsysclk|6000.0|  0.5|    0|5403.4|product_reg[48]/Q|product[48]
39   |R2O  |vsysclk|vsysclk|6000.0|  0.5|    0|5403.4|product_reg[45]/Q|product[45]
40   |R2O  |vsysclk|vsysclk|6000.0|  0.5|    0|5403.4|product_reg[40]/Q|product[40]
41   |R2O  |vsysclk|vsysclk|6000.0|  0.5|    0|5403.4|product_reg[36]/Q|product[36]
42   |R2O  |vsysclk|vsysclk|6000.0|  0.5|    0|5403.4|product_reg[32]/Q|product[32]
43   |R2O  |vsysclk|vsysclk|6000.0|  0.5|    0|5403.4|product_reg[28]/Q|product[28]
44   |R2O  |vsysclk|vsysclk|6000.0|  0.5|    0|5403.5|product_reg[57]/Q|product[57]
45   |R2O  |vsysclk|vsysclk|6000.0|  0.5|    0|5403.5|product_reg[49]/Q|product[49]
46   |R2O  |vsysclk|vsysclk|6000.0|  0.5|    0|5403.5|product_reg[43]/Q|product[43]
47   |R2O  |vsysclk|vsysclk|6000.0|  0.5|    0|5403.5|product_reg[42]/Q|product[42]
48   |R2O  |vsysclk|vsysclk|6000.0|  0.5|    0|5403.5|product_reg[38]/Q|product[38]
49   |R2O  |vsysclk|vsysclk|6000.0|  0.5|    0|5403.5|product_reg[34]/Q|product[34]
50   |R2O  |vsysclk|vsysclk|6000.0|  0.5|    0|5403.5|product_reg[30]/Q|product[30]
51   |R2O  |vsysclk|vsysclk|6000.0|  0.5|    0|5403.5|product_reg[26]/Q|product[26]
52   |R2O  |vsysclk|vsysclk|6000.0|  0.5|    0|5403.5|product_reg[24]/Q|product[24]
53   |R2O  |vsysclk|vsysclk|6000.0|  0.5|    0|5403.5|product_reg[20]/Q|product[20]
54   |R2O  |vsysclk|vsysclk|6000.0|  0.5|    0|5403.5|product_reg[16]/Q|product[16]
55   |R2O  |vsysclk|vsysclk|6000.0|  0.5|    0|5403.5|product_reg[12]/Q|product[12]
56   |R2O  |vsysclk|vsysclk|6000.0|  0.5|    0|5403.6|product_reg[22]/Q|product[22]
57   |R2O  |vsysclk|vsysclk|6000.0|  0.5|    0|5403.6|product_reg[18]/Q|product[18]
58   |R2O  |vsysclk|vsysclk|6000.0|  0.5|    0|5403.6|product_reg[14]/Q|product[14]
59   |R2O  |vsysclk|vsysclk|6000.0|  0.5|    0|5403.6|product_reg[8]/Q |product[8] 
60   |R2O  |vsysclk|vsysclk|6000.0|  0.5|    0|5403.6|product_reg[4]/Q |product[4] 
61   |R2O  |vsysclk|vsysclk|6000.0|  0.5|    0|5403.6|product_reg[0]/Q |product[0] 
62   |R2O  |vsysclk|vsysclk|6000.0|  0.4|    0|5403.7|product_reg[10]/Q|product[10]
63   |R2O  |vsysclk|vsysclk|6000.0|  0.4|    0|5403.7|product_reg[6]/Q |product[6] 
64   |R2O  |vsysclk|vsysclk|6000.0|  0.4|    0|5403.8|product_reg[2]/Q |product[2] 
-----+-----+-------+-------+------+-----+-----+------+-----------------+-----------
