Report for group default
------------------------------------------------------------------------------------------------------------------------------------------------------------
Startpoint: regA/out_reg[1]/Q
    (Clocked by vsysclk R)
Endpoint: outB/out_reg[30]/D
    (Clocked by vsysclk R)
Path Group: default
Data required time: 5969.2
    (Clock shift: 6000.0, minus Uncertainty: 0.0, plus Latency 0.0, minus Setup time: 30.8)
Data arrival time: 4429.3
Slack: 1539.9
Logic depth: 124
------------------------------------------------------------------------------------------------------------------------------------------------------------
                                                     Arrival               Arc      Net               Net    Total   fan-                                   
Path                     Module/Cell           Edge     Time    Delay    Delay    Delay     Slew     Load     Load    out     Location Power Domain      (V)
                                                        (ps)     (ps)     (ps)     (ps)     (ps)     (ff)     (ff)    (#)      (um,um)                      
------------------------------------------------------------------------------------------------------------------------------------------------------------
clk                      {create_clock}           r      0.0      0.0      0.0                        0.0      0.0      4    94,  168                       
regA/clk_gate_out_reg/CK->GCK
                         CLKGATETST_X1           rr      0.0      0.0      0.0      0.0      0.0      0.0      0.0     32    50,  121  /PD_TOP        (1.10)
regA/out_reg[1]/CK->Q    DFF_X1*                 rr    180.1    180.1    180.1      0.0      0.0      4.6    182.5     42    50,  121  /PD_TOP        (1.10)
mult/i_0/i_5014/A2->ZN   NAND2_X4*               rf    215.8     35.7     34.9      0.8     15.3      1.2     38.7      4    89,   79  /PD_TOP        (1.10)
mult/i_0/i_4803/A1->ZN   NOR2_X4*                fr    277.3     61.5     61.5      0.0     15.3      1.2     38.5      4    89,   79  /PD_TOP        (1.10)
mult/i_0/i_4787/A->ZN    AOI21_X4                rf    292.0     14.7     14.7      0.0     15.3      0.3      4.5      1    89,   79  /PD_TOP        (1.10)
mult/i_0/i_4786/A2->ZN   NOR2_X4                 fr    324.4     32.4     32.4      0.0      7.8      0.6      8.1      2    89,   79  /PD_TOP        (1.10)
mult/i_0/i_4784/A2->ZN   OAI22_X4                rf    346.9     22.5     22.5      0.0     19.9      0.3      3.8      1    89,   79  /PD_TOP        (1.10)
mult/i_0/i_1052/B->S     HA_X1                   ff    406.7     59.8     59.8      0.0     10.7      0.3      3.8      1    89,   79  /PD_TOP        (1.10)
mult/i_0/i_5782/B->S     HA_X1                   ff    474.3     67.6     67.6      0.0     13.6      0.6      7.7      2    89,   79  /PD_TOP        (1.10)
mult/i_0/i_5006/B1->ZN   AOI21_X4*               fr    535.0     60.7     60.7      0.0     17.9      0.6     29.7      2    89,   79  /PD_TOP        (1.10)
mult/i_0/i_5005/A->ZN    INV_X8                  rf    542.0      7.0      7.0      0.0     15.3      0.3      4.5      1    89,   79  /PD_TOP        (1.10)
mult/i_0/i_5003/B2->ZN   AOI21_X4*               fr    602.1     60.1     60.1      0.0      3.5      0.6     29.7      2    89,   79  /PD_TOP        (1.10)
mult/i_0/i_5002/A->ZN    INV_X8                  rf    609.1      7.0      7.0      0.0     15.3      0.3      4.5      1    89,   79  /PD_TOP        (1.10)
mult/i_0/i_5001/B2->ZN   AOI21_X4*               fr    669.2     60.1     60.1      0.0      3.5      0.6     29.7      2    89,   79  /PD_TOP        (1.10)
mult/i_0/i_5000/A->ZN    INV_X8                  rf    676.2      7.0      7.0      0.0     15.3      0.3      4.5      1    89,   79  /PD_TOP        (1.10)
mult/i_0/i_4999/B2->ZN   AOI21_X4*               fr    736.3     60.1     60.1      0.0      3.5      0.6     29.7      2    89,   79  /PD_TOP        (1.10)
mult/i_0/i_4998/A->ZN    INV_X8                  rf    743.3      7.0      7.0      0.0     15.3      0.3      4.5      1    89,   79  /PD_TOP        (1.10)
mult/i_0/i_4997/B2->ZN   AOI21_X4*               fr    803.4     60.1     60.1      0.0      3.5      0.6     29.7      2    89,   79  /PD_TOP        (1.10)
mult/i_0/i_4996/A->ZN    INV_X8                  rf    810.4      7.0      7.0      0.0     15.3      0.3      4.5      1    89,   79  /PD_TOP        (1.10)
mult/i_0/i_4995/B2->ZN   AOI21_X4*               fr    870.5     60.1     60.1      0.0      3.5      0.6     29.7      2    89,   79  /PD_TOP        (1.10)
mult/i_0/i_4994/A->ZN    INV_X8                  rf    877.5      7.0      7.0      0.0     15.3      0.3      4.5      1    89,   79  /PD_TOP        (1.10)
mult/i_0/i_4993/B2->ZN   AOI21_X4*               fr    937.6     60.1     60.1      0.0      3.5      0.6     29.7      2    89,   79  /PD_TOP        (1.10)
mult/i_0/i_4992/A->ZN    INV_X8                  rf    944.6      7.0      7.0      0.0     15.3      0.3      4.5      1    89,   79  /PD_TOP        (1.10)
mult/i_0/i_4991/B2->ZN   AOI21_X4*               fr   1004.7     60.1     60.1      0.0      3.5      0.6     29.7      2    89,   79  /PD_TOP        (1.10)
mult/i_0/i_4990/A->ZN    INV_X8                  rf   1011.7      7.0      7.0      0.0     15.3      0.3      4.5      1    89,   79  /PD_TOP        (1.10)
mult/i_0/i_4989/B2->ZN   AOI21_X4*               fr   1071.8     60.1     60.1      0.0      3.5      0.6     29.7      2    89,   79  /PD_TOP        (1.10)
mult/i_0/i_4988/A->ZN    INV_X8                  rf   1078.8      7.0      7.0      0.0     15.3      0.3      4.5      1    89,   79  /PD_TOP        (1.10)
mult/i_0/i_4987/B2->ZN   AOI21_X4*               fr   1138.9     60.1     60.1      0.0      3.5      0.6     29.7      2    89,   79  /PD_TOP        (1.10)
mult/i_0/i_4986/A->ZN    INV_X8                  rf   1145.9      7.0      7.0      0.0     15.3      0.3      4.5      1    89,   79  /PD_TOP        (1.10)
mult/i_0/i_4985/B2->ZN   AOI21_X4*               fr   1206.0     60.1     60.1      0.0      3.5      0.6     29.7      2    89,   79  /PD_TOP        (1.10)
mult/i_0/i_4984/A->ZN    INV_X8                  rf   1213.0      7.0      7.0      0.0     15.3      0.3      4.5      1    89,   79  /PD_TOP        (1.10)
mult/i_0/i_4983/B2->ZN   AOI21_X4*               fr   1273.1     60.1     60.1      0.0      3.5      0.6     29.7      2    89,   79  /PD_TOP        (1.10)
mult/i_0/i_4982/A->ZN    INV_X8                  rf   1280.1      7.0      7.0      0.0     15.3      0.3      4.5      1    89,   79  /PD_TOP        (1.10)
mult/i_0/i_4981/B2->ZN   AOI21_X4*               fr   1340.2     60.1     60.1      0.0      3.5      0.6     29.7      2    89,   79  /PD_TOP        (1.10)
mult/i_0/i_4980/A->ZN    INV_X8                  rf   1347.2      7.0      7.0      0.0     15.3      0.3      4.5      1    89,   79  /PD_TOP        (1.10)
mult/i_0/i_4979/B2->ZN   AOI21_X4*               fr   1407.3     60.1     60.1      0.0      3.5      0.6     29.7      2    89,   79  /PD_TOP        (1.10)
mult/i_0/i_4978/A->ZN    INV_X8                  rf   1414.3      7.0      7.0      0.0     15.3      0.3      4.5      1    89,   79  /PD_TOP        (1.10)
mult/i_0/i_4977/B2->ZN   AOI21_X4*               fr   1474.4     60.1     60.1      0.0      3.5      0.6     29.7      2    89,   79  /PD_TOP        (1.10)
mult/i_0/i_4976/A->ZN    INV_X8                  rf   1481.4      7.0      7.0      0.0     15.3      0.3      4.5      1    89,   79  /PD_TOP        (1.10)
mult/i_0/i_4975/B2->ZN   AOI21_X4*               fr   1541.5     60.1     60.1      0.0      3.5      0.6     29.7      2    89,   79  /PD_TOP        (1.10)
mult/i_0/i_4974/A->ZN    INV_X8                  rf   1548.5      7.0      7.0      0.0     15.3      0.3      4.5      1    89,   79  /PD_TOP        (1.10)
mult/i_0/i_4973/B2->ZN   AOI21_X4*               fr   1608.6     60.1     60.1      0.0      3.5      0.6     29.7      2    89,   79  /PD_TOP        (1.10)
mult/i_0/i_4972/A->ZN    INV_X8                  rf   1615.6      7.0      7.0      0.0     15.3      0.3      4.5      1    89,   79  /PD_TOP        (1.10)
mult/i_0/i_4971/B2->ZN   AOI21_X4*               fr   1675.7     60.1     60.1      0.0      3.5      0.6     29.7      2    89,   79  /PD_TOP        (1.10)
mult/i_0/i_4970/A->ZN    INV_X8                  rf   1682.7      7.0      7.0      0.0     15.3      0.3      4.5      1    89,   79  /PD_TOP        (1.10)
mult/i_0/i_4969/B2->ZN   AOI21_X4*               fr   1742.8     60.1     60.1      0.0      3.5      0.6     29.7      2    89,   79  /PD_TOP        (1.10)
mult/i_0/i_4968/A->ZN    INV_X8                  rf   1749.8      7.0      7.0      0.0     15.3      0.3      4.5      1    89,   79  /PD_TOP        (1.10)
mult/i_0/i_4967/B2->ZN   AOI21_X4*               fr   1809.9     60.1     60.1      0.0      3.5      0.6     29.7      2    89,   79  /PD_TOP        (1.10)
mult/i_0/i_4966/A->ZN    INV_X8                  rf   1816.9      7.0      7.0      0.0     15.3      0.3      4.5      1    89,   79  /PD_TOP        (1.10)
mult/i_0/i_4965/B2->ZN   AOI21_X4*               fr   1877.0     60.1     60.1      0.0      3.5      0.6     29.7      2    89,   79  /PD_TOP        (1.10)
mult/i_0/i_4964/A->ZN    INV_X8                  rf   1884.0      7.0      7.0      0.0     15.3      0.3      4.5      1    89,   79  /PD_TOP        (1.10)
mult/i_0/i_4963/B2->ZN   AOI21_X4*               fr   1944.1     60.1     60.1      0.0      3.5      0.6     29.7      2    89,   79  /PD_TOP        (1.10)
mult/i_0/i_4962/A->ZN    INV_X8                  rf   1951.1      7.0      7.0      0.0     15.3      0.3      4.5      1    89,   79  /PD_TOP        (1.10)
mult/i_0/i_4961/B2->ZN   AOI21_X4*               fr   2011.2     60.1     60.1      0.0      3.5      0.6     29.7      2    89,   79  /PD_TOP        (1.10)
mult/i_0/i_4960/A->ZN    INV_X8                  rf   2018.2      7.0      7.0      0.0     15.3      0.3      4.5      1    89,   79  /PD_TOP        (1.10)
mult/i_0/i_4959/B2->ZN   AOI21_X4*               fr   2078.3     60.1     60.1      0.0      3.5      0.6     29.7      2    89,   79  /PD_TOP        (1.10)
mult/i_0/i_4958/A->ZN    INV_X8                  rf   2085.3      7.0      7.0      0.0     15.3      0.3      4.5      1    89,   79  /PD_TOP        (1.10)
mult/i_0/i_4957/B2->ZN   AOI21_X4*               fr   2145.4     60.1     60.1      0.0      3.5      0.6     29.7      2    89,   79  /PD_TOP        (1.10)
mult/i_0/i_4955/A->ZN    INV_X8                  rf   2152.4      7.0      7.0      0.0     15.3      0.3      4.5      1    89,   79  /PD_TOP        (1.10)
mult/i_0/i_4954/B2->ZN   AOI21_X4*               fr   2212.5     60.1     60.1      0.0      3.5      0.6     29.7      2    89,   79  /PD_TOP        (1.10)
mult/i_0/i_4953/A->ZN    INV_X8                  rf   2219.5      7.0      7.0      0.0     15.3      0.3      4.5      1    89,   79  /PD_TOP        (1.10)
mult/i_0/i_4951/B2->ZN   AOI21_X4*               fr   2279.6     60.1     60.1      0.0      3.5      0.6     29.7      2    89,   79  /PD_TOP        (1.10)
mult/i_0/i_4950/A->ZN    INV_X8                  rf   2286.6      7.0      7.0      0.0     15.3      0.3      4.5      1    89,   79  /PD_TOP        (1.10)
mult/i_0/i_4949/B2->ZN   AOI21_X4*               fr   2346.7     60.1     60.1      0.0      3.5      0.6     29.7      2    89,   79  /PD_TOP        (1.10)
mult/i_0/i_4947/A->ZN    INV_X8                  rf   2353.7      7.0      7.0      0.0     15.3      0.3      4.5      1    89,   79  /PD_TOP        (1.10)
mult/i_0/i_4946/B2->ZN   AOI21_X4*               fr   2413.8     60.1     60.1      0.0      3.5      0.6     29.7      2    89,   79  /PD_TOP        (1.10)
mult/i_0/i_4945/A->ZN    INV_X8                  rf   2420.8      7.0      7.0      0.0     15.3      0.3      4.5      1    89,   79  /PD_TOP        (1.10)
mult/i_0/i_4943/B2->ZN   AOI21_X4*               fr   2480.9     60.1     60.1      0.0      3.5      0.6     29.7      2    89,   79  /PD_TOP        (1.10)
mult/i_0/i_4942/A->ZN    INV_X8                  rf   2487.9      7.0      7.0      0.0     15.3      0.3      4.5      1    89,   79  /PD_TOP        (1.10)
mult/i_0/i_4941/B2->ZN   AOI21_X4*               fr   2548.0     60.1     60.1      0.0      3.5      0.6     29.7      2    89,   79  /PD_TOP        (1.10)
mult/i_0/i_4939/A->ZN    INV_X8                  rf   2555.0      7.0      7.0      0.0     15.3      0.3      4.5      1    89,   79  /PD_TOP        (1.10)
mult/i_0/i_4938/B2->ZN   AOI21_X4*               fr   2615.1     60.1     60.1      0.0      3.5      0.6     29.7      2    89,   79  /PD_TOP        (1.10)
mult/i_0/i_4937/A->ZN    INV_X8                  rf   2622.1      7.0      7.0      0.0     15.3      0.3      4.5      1    89,   79  /PD_TOP        (1.10)
mult/i_0/i_4935/B2->ZN   AOI21_X4*               fr   2682.2     60.1     60.1      0.0      3.5      0.6     29.7      2    89,   79  /PD_TOP        (1.10)
mult/i_0/i_4934/A->ZN    INV_X8                  rf   2689.2      7.0      7.0      0.0     15.3      0.3      4.5      1    89,   79  /PD_TOP        (1.10)
mult/i_0/i_4933/B2->ZN   AOI21_X4*               fr   2749.3     60.1     60.1      0.0      3.5      0.6     29.7      2    89,   79  /PD_TOP        (1.10)
mult/i_0/i_4931/A->ZN    INV_X8                  rf   2756.3      7.0      7.0      0.0     15.3      0.3      4.5      1    89,   79  /PD_TOP        (1.10)
mult/i_0/i_4930/B2->ZN   AOI21_X4*               fr   2816.4     60.1     60.1      0.0      3.5      0.6     29.7      2    89,   79  /PD_TOP        (1.10)
mult/i_0/i_4929/A->ZN    INV_X8                  rf   2823.4      7.0      7.0      0.0     15.3      0.3      4.5      1    89,   79  /PD_TOP        (1.10)
mult/i_0/i_4927/B2->ZN   AOI21_X4*               fr   2883.5     60.1     60.1      0.0      3.5      0.6     29.7      2    89,   79  /PD_TOP        (1.10)
mult/i_0/i_4926/A->ZN    INV_X8                  rf   2890.5      7.0      7.0      0.0     15.3      0.3      4.5      1    89,   79  /PD_TOP        (1.10)
mult/i_0/i_4925/B2->ZN   AOI21_X4*               fr   2950.6     60.1     60.1      0.0      3.5      0.6     29.7      2    89,   79  /PD_TOP        (1.10)
mult/i_0/i_4923/A->ZN    INV_X8                  rf   2957.6      7.0      7.0      0.0     15.3      0.3      4.5      1    89,   79  /PD_TOP        (1.10)
mult/i_0/i_4922/B2->ZN   AOI21_X4*               fr   3017.7     60.1     60.1      0.0      3.5      0.6     29.7      2    89,   79  /PD_TOP        (1.10)
mult/i_0/i_4921/A->ZN    INV_X8                  rf   3024.7      7.0      7.0      0.0     15.3      0.3      4.5      1    89,   79  /PD_TOP        (1.10)
mult/i_0/i_4919/B2->ZN   AOI21_X4*               fr   3084.8     60.1     60.1      0.0      3.5      0.6     29.7      2    89,   79  /PD_TOP        (1.10)
mult/i_0/i_4918/A->ZN    INV_X8                  rf   3091.8      7.0      7.0      0.0     15.3      0.3      4.5      1    89,   79  /PD_TOP        (1.10)
mult/i_0/i_4917/B2->ZN   AOI21_X4*               fr   3151.9     60.1     60.1      0.0      3.5      0.6     29.7      2    89,   79  /PD_TOP        (1.10)
mult/i_0/i_4915/A->ZN    INV_X8                  rf   3158.9      7.0      7.0      0.0     15.3      0.3      4.5      1    89,   79  /PD_TOP        (1.10)
mult/i_0/i_4914/B2->ZN   AOI21_X4*               fr   3219.0     60.1     60.1      0.0      3.5      0.6     29.7      2    89,   79  /PD_TOP        (1.10)
mult/i_0/i_4913/A->ZN    INV_X8                  rf   3226.0      7.0      7.0      0.0     15.3      0.3      4.5      1    89,   79  /PD_TOP        (1.10)
mult/i_0/i_4911/B2->ZN   AOI21_X4*               fr   3286.1     60.1     60.1      0.0      3.5      0.6     29.7      2    89,   79  /PD_TOP        (1.10)
mult/i_0/i_4910/A->ZN    INV_X8                  rf   3293.1      7.0      7.0      0.0     15.3      0.3      4.5      1    89,   79  /PD_TOP        (1.10)
mult/i_0/i_4909/B2->ZN   AOI21_X4*               fr   3353.2     60.1     60.1      0.0      3.5      0.6     29.7      2    89,   79  /PD_TOP        (1.10)
mult/i_0/i_4908/A->ZN    INV_X8                  rf   3360.2      7.0      7.0      0.0     15.3      0.3      4.5      1    89,   79  /PD_TOP        (1.10)
mult/i_0/i_4907/B2->ZN   AOI21_X4*               fr   3420.3     60.1     60.1      0.0      3.5      0.6     29.7      2    89,   79  /PD_TOP        (1.10)
mult/i_0/i_4906/A->ZN    INV_X8                  rf   3427.3      7.0      7.0      0.0     15.3      0.3      4.5      1    89,   79  /PD_TOP        (1.10)
mult/i_0/i_4905/B2->ZN   AOI21_X4*               fr   3487.4     60.1     60.1      0.0      3.5      0.6     29.7      2    89,   79  /PD_TOP        (1.10)
mult/i_0/i_4904/A->ZN    INV_X8                  rf   3494.4      7.0      7.0      0.0     15.3      0.3      4.5      1    89,   79  /PD_TOP        (1.10)
mult/i_0/i_4903/B2->ZN   AOI21_X4*               fr   3554.5     60.1     60.1      0.0      3.5      0.6     29.7      2    89,   79  /PD_TOP        (1.10)
mult/i_0/i_4902/A->ZN    INV_X8                  rf   3561.5      7.0      7.0      0.0     15.3      0.3      4.5      1    89,   79  /PD_TOP        (1.10)
mult/i_0/i_4901/B2->ZN   AOI21_X4*               fr   3621.6     60.1     60.1      0.0      3.5      0.6     29.7      2    89,   79  /PD_TOP        (1.10)
mult/i_0/i_4900/A->ZN    INV_X8                  rf   3628.6      7.0      7.0      0.0     15.3      0.3      4.5      1    89,   79  /PD_TOP        (1.10)
mult/i_0/i_4899/B2->ZN   AOI21_X4*               fr   3688.7     60.1     60.1      0.0      3.5      0.6     29.7      2    89,   79  /PD_TOP        (1.10)
mult/i_0/i_4898/A->ZN    INV_X8                  rf   3695.7      7.0      7.0      0.0     15.3      0.3      4.5      1    89,   79  /PD_TOP        (1.10)
mult/i_0/i_4897/B2->ZN   AOI21_X4*               fr   3755.8     60.1     60.1      0.0      3.5      0.6     29.7      2    89,   79  /PD_TOP        (1.10)
mult/i_0/i_4896/A->ZN    INV_X8                  rf   3762.8      7.0      7.0      0.0     15.3      0.3      4.5      1    89,   79  /PD_TOP        (1.10)
mult/i_0/i_4895/B2->ZN   AOI21_X4*               fr   3822.9     60.1     60.1      0.0      3.5      0.6     29.7      2    89,   79  /PD_TOP        (1.10)
mult/i_0/i_4894/A->ZN    INV_X8                  rf   3829.9      7.0      7.0      0.0     15.3      0.3      4.5      1    89,   79  /PD_TOP        (1.10)
mult/i_0/i_4893/B2->ZN   AOI21_X4*               fr   3890.0     60.1     60.1      0.0      3.5      0.6     29.7      2    89,   79  /PD_TOP        (1.10)
mult/i_0/i_4892/A->ZN    INV_X8                  rf   3897.0      7.0      7.0      0.0     15.3      0.3      4.5      1    89,   79  /PD_TOP        (1.10)
mult/i_0/i_4891/B2->ZN   AOI21_X4*               fr   3957.1     60.1     60.1      0.0      3.5      0.6     29.7      2    89,   79  /PD_TOP        (1.10)
mult/i_0/i_4890/A->ZN    INV_X8                  rf   3964.1      7.0      7.0      0.0     15.3      0.3      4.5      1    89,   79  /PD_TOP        (1.10)
mult/i_0/i_4889/B2->ZN   AOI21_X4*               fr   4024.2     60.1     60.1      0.0      3.5      0.6     29.7      2    89,   79  /PD_TOP        (1.10)
mult/i_0/i_4888/A->ZN    INV_X8                  rf   4031.2      7.0      7.0      0.0     15.3      0.3      4.5      1    89,   79  /PD_TOP        (1.10)
mult/i_0/i_4887/B2->ZN   AOI21_X4*               fr   4091.3     60.1     60.1      0.0      3.5      0.6     29.7      2    89,   79  /PD_TOP        (1.10)
mult/i_0/i_4886/A->ZN    INV_X8                  rf   4098.3      7.0      7.0      0.0     15.3      0.3      4.5      1    89,   79  /PD_TOP        (1.10)
mult/i_0/i_4885/B2->ZN   AOI21_X4*               fr   4158.4     60.1     60.1      0.0      3.5      0.6     29.7      2    89,   79  /PD_TOP        (1.10)
mult/i_0/i_4884/A->ZN    INV_X8                  rf   4165.4      7.0      7.0      0.0     15.3      0.3      4.5      1    89,   79  /PD_TOP        (1.10)
mult/i_0/i_4883/B2->ZN   AOI21_X4*               fr   4225.5     60.1     60.1      0.0      3.5      0.6     29.7      2    89,   79  /PD_TOP        (1.10)
mult/i_0/i_4882/A->ZN    INV_X8                  rf   4232.5      7.0      7.0      0.0     15.3      0.3      4.5      1    89,   79  /PD_TOP        (1.10)
mult/i_0/i_4881/B2->ZN   AOI21_X4*               fr   4292.6     60.1     60.1      0.0      3.5      0.6     29.7      2    89,   79  /PD_TOP        (1.10)
mult/i_0/i_4880/A->ZN    INV_X8                  rf   4299.6      7.0      7.0      0.0     15.3      0.3      4.5      1    89,   79  /PD_TOP        (1.10)
mult/i_0/i_4879/B2->ZN   AOI21_X4                fr   4333.5     33.9     33.9      0.0      3.5      0.6      8.1      2    89,   79  /PD_TOP        (1.10)
mult/i_0/i_4875/A->Z     XOR2_X2                 rr   4396.3     62.8     62.8      0.0     26.1      0.0      6.8      1    89,   79  /PD_TOP        (1.10)
outB/i_0_32/A2->ZN       AND2_X4                 rr   4429.3     32.2     32.2      0.0     32.3      0.3      1.4      1    50,  121  /PD_TOP        (1.10)
outB/out_reg[30]/D       DFF_X1                   r   4429.3      0.8               0.8      6.3                             50,  121  /PD_TOP        (1.10)
------------------------------------------------------------------------------------------------------------------------------------------------------------
Report for group I2R
------------------------------------------------------------------------------------------------------------------------------------------------------------
Startpoint: reset
    (Clocked by vsysclk R)
Endpoint: regA/clk_gate_out_reg/E
    (Clocked by vsysclk R)
Path Group: I2R
Data required time: 5914.9
    (Clock shift: 6000.0, minus Uncertainty: 0.0, plus Latency 0.0, minus Setup time: 85.1)
Data arrival time: 232.9
Slack: 5682.0
Logic depth: 1
------------------------------------------------------------------------------------------------------------------------------------------------------------
                                                     Arrival               Arc      Net               Net    Total   fan-                                   
Path                     Module/Cell           Edge     Time    Delay    Delay    Delay     Slew     Load     Load    out     Location Power Domain      (V)
                                                        (ps)     (ps)     (ps)     (ps)     (ps)     (ff)     (ff)    (#)      (um,um)                      
------------------------------------------------------------------------------------------------------------------------------------------------------------
reset                    {set_input_delay}        r    200.0    200.0    200.0                        5.9    116.5      8    75,  168                       
regA/i_0_0/A2->ZN        OR2_X4                  rr    232.9     32.2     32.2      0.0    100.0      0.3      1.2      1    50,  121  /PD_TOP        (1.10)
regA/clk_gate_out_reg/E  CLKGATETST_X2            r    232.9      0.7               0.7      5.2                             50,  121  /PD_TOP        (1.10)
------------------------------------------------------------------------------------------------------------------------------------------------------------
Report for group I2O
Report for group R2O
------------------------------------------------------------------------------------------------------------------------------------------------------------
Startpoint: outB/out_reg[31]/Q
    (Clocked by vsysclk R)
Endpoint: result[63]
    (Clocked by vsysclk R)
Path Group: R2O
Data required time: 5500.0
    (Clock shift: 6000.0, minus Uncertainty: 0.0, plus Latency 0.0, minus Out delay: 500.0)
Data arrival time: 100.2
Slack: 5399.8
Logic depth: 0
------------------------------------------------------------------------------------------------------------------------------------------------------------
                                                     Arrival               Arc      Net               Net    Total   fan-                                   
Path                     Module/Cell           Edge     Time    Delay    Delay    Delay     Slew     Load     Load    out     Location Power Domain      (V)
                                                        (ps)     (ps)     (ps)     (ps)     (ps)     (ff)     (ff)    (#)      (um,um)                      
------------------------------------------------------------------------------------------------------------------------------------------------------------
clk                      {create_clock}           r      0.0      0.0      0.0                        0.0      0.0      4    94,  168                       
outB/clk_gate_out_reg/CK->GCK
                         CLKGATETST_X1           rr      0.0      0.0      0.0      0.0      0.0      0.0      0.0     32    50,  121  /PD_TOP        (1.10)
outB/out_reg[31]/CK->Q   DFF_X1                  rf     98.9     98.9     98.9      0.0      0.0      5.7     15.7      1    50,  121  /PD_TOP        (1.10)
result[63]                                        f    100.2      1.3               1.3     19.5                            103,  168                       
------------------------------------------------------------------------------------------------------------------------------------------------------------
