Report for group default
------------------------------------------------------------------------------------------------------------------------------------------------------------
Startpoint: x_reg[1]/Q
    (Clocked by vsysclk R)
Endpoint: Out_reg[63]/D
    (Clocked by vsysclk R)
Path Group: default
Data required time: 5961.3
    (Clock shift: 6000.0, minus Uncertainty: 0.0, plus Latency 0.0, minus Setup time: 38.7)
Data arrival time: 5291.5
Slack: 669.8
Logic depth: 139
------------------------------------------------------------------------------------------------------------------------------------------------------------
                                                     Arrival               Arc      Net               Net    Total   fan-                                   
Path                     Module/Cell           Edge     Time    Delay    Delay    Delay     Slew     Load     Load    out     Location Power Domain      (V)
                                                        (ps)     (ps)     (ps)     (ps)     (ps)     (ff)     (ff)    (#)      (um,um)                      
------------------------------------------------------------------------------------------------------------------------------------------------------------
clk                      {create_clock}           r      0.0      0.0      0.0                        0.0      0.0     65    55,    0                       
clk_gate_y_reg/CK->GCK   CLKGATETST_X1           rr      0.0      0.0      0.0      0.0      0.0      0.0      0.0     64    55,   55  /PD_TOP        (1.10)
x_reg[1]/CK->Q           DFF_X1*                 rr    151.2    151.2    151.2      0.0      0.0      6.3     41.2      4    55,   55  /PD_TOP        (1.10)
i_2_0_3/A->ZN            INV_X32                 rf    167.7     15.3     15.3      0.0     15.3      8.2    137.4     31   120,   86  /PD_TOP        (1.10)
i_2_0_231/A2->ZN         NOR2_X4                 fr    197.7     30.0     29.8      0.2      7.6      0.5      6.2      2   120,   86  /PD_TOP        (1.10)
cs0/genblk1_2_a/ha1/i_0_0/B->Z
                         XOR2_X2                 rf    219.4     21.7     21.7      0.0     17.7      0.5      6.2      2   120,   86  /PD_TOP        (1.10)
cs0/genblk1_2_a/ha2/i_0_1/A2->ZN
                         AND2_X4                 ff    249.4     30.0     30.0      0.0     13.7      0.3      2.5      1   120,   86  /PD_TOP        (1.10)
cs0/genblk1_2_a/i_0_0/A2->ZN
                         OR2_X4                  ff    294.3     44.9     44.9      0.0      5.1      0.5      6.2      2   120,   86  /PD_TOP        (1.10)
cs0/genblk2_2_b/ha1/i_0_0/B->Z
                         XOR2_X2                 ff    354.1     59.8     59.8      0.0      8.8      0.5      6.2      2   120,   86  /PD_TOP        (1.10)
cs0/genblk2_2_b/ha2/i_0_1/A2->ZN
                         AND2_X4                 ff    384.1     30.0     30.0      0.0     13.7      0.3      2.5      1   120,   86  /PD_TOP        (1.10)
cs0/genblk2_2_b/i_0_0/A2->ZN
                         OR2_X4                  ff    428.8     44.7     44.7      0.0      5.1      0.5      5.9      2   120,   86  /PD_TOP        (1.10)
cs0/genblk2_3_b/ha2/i_0_1/A1->ZN
                         AND2_X4                 ff    453.9     25.1     25.1      0.0      8.7      0.3      2.5      1   120,   86  /PD_TOP        (1.10)
cs0/genblk2_3_b/i_0_0/A2->ZN
                         OR2_X4                  ff    498.6     44.7     44.7      0.0      5.1      0.5      5.9      2   120,   86  /PD_TOP        (1.10)
cs0/genblk2_4_b/ha2/i_0_1/A1->ZN
                         AND2_X4                 ff    523.7     25.1     25.1      0.0      8.7      0.3      2.5      1   120,   86  /PD_TOP        (1.10)
cs0/genblk2_4_b/i_0_0/A2->ZN
                         OR2_X4                  ff    568.4     44.7     44.7      0.0      5.1      0.5      5.9      2   120,   86  /PD_TOP        (1.10)
cs0/genblk2_5_b/ha2/i_0_1/A1->ZN
                         AND2_X4                 ff    593.5     25.1     25.1      0.0      8.7      0.3      2.5      1   120,   86  /PD_TOP        (1.10)
cs0/genblk2_5_b/i_0_0/A2->ZN
                         OR2_X4                  ff    638.2     44.7     44.7      0.0      5.1      0.5      5.9      2   120,   86  /PD_TOP        (1.10)
cs0/genblk2_6_b/ha2/i_0_1/A1->ZN
                         AND2_X4                 ff    663.3     25.1     25.1      0.0      8.7      0.3      2.5      1   120,   86  /PD_TOP        (1.10)
cs0/genblk2_6_b/i_0_0/A2->ZN
                         OR2_X4                  ff    708.0     44.7     44.7      0.0      5.1      0.5      5.9      2   120,   86  /PD_TOP        (1.10)
cs0/genblk2_7_b/ha2/i_0_1/A1->ZN
                         AND2_X4                 ff    733.1     25.1     25.1      0.0      8.7      0.3      2.5      1   120,   86  /PD_TOP        (1.10)
cs0/genblk2_7_b/i_0_0/A2->ZN
                         OR2_X4                  ff    777.8     44.7     44.7      0.0      5.1      0.5      5.9      2   120,   86  /PD_TOP        (1.10)
cs0/genblk2_8_b/ha2/i_0_1/A1->ZN
                         AND2_X4                 ff    802.9     25.1     25.1      0.0      8.7      0.3      2.5      1   120,   86  /PD_TOP        (1.10)
cs0/genblk2_8_b/i_0_0/A2->ZN
                         OR2_X4                  ff    847.6     44.7     44.7      0.0      5.1      0.5      5.9      2   120,   86  /PD_TOP        (1.10)
cs0/genblk2_9_b/ha2/i_0_1/A1->ZN
                         AND2_X4                 ff    872.7     25.1     25.1      0.0      8.7      0.3      2.5      1   120,   86  /PD_TOP        (1.10)
cs0/genblk2_9_b/i_0_0/A2->ZN
                         OR2_X4                  ff    917.4     44.7     44.7      0.0      5.1      0.5      5.9      2   120,   86  /PD_TOP        (1.10)
cs0/genblk2_10_b/ha2/i_0_1/A1->ZN
                         AND2_X4                 ff    942.5     25.1     25.1      0.0      8.7      0.3      2.5      1   120,   86  /PD_TOP        (1.10)
cs0/genblk2_10_b/i_0_0/A2->ZN
                         OR2_X4                  ff    987.2     44.7     44.7      0.0      5.1      0.5      5.9      2   120,   86  /PD_TOP        (1.10)
cs0/genblk2_11_b/ha2/i_0_1/A1->ZN
                         AND2_X4                 ff   1012.3     25.1     25.1      0.0      8.7      0.3      2.5      1   120,   86  /PD_TOP        (1.10)
cs0/genblk2_11_b/i_0_0/A2->ZN
                         OR2_X4                  ff   1057.0     44.7     44.7      0.0      5.1      0.5      5.9      2   120,   86  /PD_TOP        (1.10)
cs0/genblk2_12_b/ha2/i_0_1/A1->ZN
                         AND2_X4                 ff   1082.1     25.1     25.1      0.0      8.7      0.3      2.5      1   120,   86  /PD_TOP        (1.10)
cs0/genblk2_12_b/i_0_0/A2->ZN
                         OR2_X4                  ff   1126.8     44.7     44.7      0.0      5.1      0.5      5.9      2   120,   86  /PD_TOP        (1.10)
cs0/genblk2_13_b/ha2/i_0_1/A1->ZN
                         AND2_X4                 ff   1151.9     25.1     25.1      0.0      8.7      0.3      2.5      1   120,   86  /PD_TOP        (1.10)
cs0/genblk2_13_b/i_0_0/A2->ZN
                         OR2_X4                  ff   1196.6     44.7     44.7      0.0      5.1      0.5      5.9      2   120,   86  /PD_TOP        (1.10)
cs0/genblk2_14_b/ha2/i_0_1/A1->ZN
                         AND2_X4                 ff   1221.7     25.1     25.1      0.0      8.7      0.3      2.5      1   120,   86  /PD_TOP        (1.10)
cs0/genblk2_14_b/i_0_0/A2->ZN
                         OR2_X4                  ff   1266.4     44.7     44.7      0.0      5.1      0.5      5.9      2   120,   86  /PD_TOP        (1.10)
cs0/genblk2_15_b/ha2/i_0_1/A1->ZN
                         AND2_X4                 ff   1291.5     25.1     25.1      0.0      8.7      0.3      2.5      1   120,   86  /PD_TOP        (1.10)
cs0/genblk2_15_b/i_0_0/A2->ZN
                         OR2_X4                  ff   1336.2     44.7     44.7      0.0      5.1      0.5      5.9      2   120,   86  /PD_TOP        (1.10)
cs0/genblk2_16_b/ha2/i_0_1/A1->ZN
                         AND2_X4                 ff   1361.3     25.1     25.1      0.0      8.7      0.3      2.5      1   120,   86  /PD_TOP        (1.10)
cs0/genblk2_16_b/i_0_0/A2->ZN
                         OR2_X4                  ff   1406.0     44.7     44.7      0.0      5.1      0.5      5.9      2   120,   86  /PD_TOP        (1.10)
cs0/genblk2_17_b/ha2/i_0_1/A1->ZN
                         AND2_X4                 ff   1431.1     25.1     25.1      0.0      8.7      0.3      2.5      1   120,   86  /PD_TOP        (1.10)
cs0/genblk2_17_b/i_0_0/A2->ZN
                         OR2_X4                  ff   1475.8     44.7     44.7      0.0      5.1      0.5      5.9      2   120,   86  /PD_TOP        (1.10)
cs0/genblk2_18_b/ha2/i_0_1/A1->ZN
                         AND2_X4                 ff   1500.9     25.1     25.1      0.0      8.7      0.3      2.5      1   120,   86  /PD_TOP        (1.10)
cs0/genblk2_18_b/i_0_0/A2->ZN
                         OR2_X4                  ff   1545.6     44.7     44.7      0.0      5.1      0.5      5.9      2   120,   86  /PD_TOP        (1.10)
cs0/genblk2_19_b/ha2/i_0_1/A1->ZN
                         AND2_X4                 ff   1570.7     25.1     25.1      0.0      8.7      0.3      2.5      1   120,   86  /PD_TOP        (1.10)
cs0/genblk2_19_b/i_0_0/A2->ZN
                         OR2_X4                  ff   1615.4     44.7     44.7      0.0      5.1      0.5      5.9      2   120,   86  /PD_TOP        (1.10)
cs0/genblk2_20_b/ha2/i_0_1/A1->ZN
                         AND2_X4                 ff   1640.5     25.1     25.1      0.0      8.7      0.3      2.5      1   120,   86  /PD_TOP        (1.10)
cs0/genblk2_20_b/i_0_0/A2->ZN
                         OR2_X4                  ff   1685.2     44.7     44.7      0.0      5.1      0.5      5.9      2   120,   86  /PD_TOP        (1.10)
cs0/genblk2_21_b/ha2/i_0_1/A1->ZN
                         AND2_X4                 ff   1710.3     25.1     25.1      0.0      8.7      0.3      2.5      1   120,   86  /PD_TOP        (1.10)
cs0/genblk2_21_b/i_0_0/A2->ZN
                         OR2_X4                  ff   1755.0     44.7     44.7      0.0      5.1      0.5      5.9      2   120,   86  /PD_TOP        (1.10)
cs0/genblk2_22_b/ha2/i_0_1/A1->ZN
                         AND2_X4                 ff   1780.1     25.1     25.1      0.0      8.7      0.3      2.5      1   120,   86  /PD_TOP        (1.10)
cs0/genblk2_22_b/i_0_0/A2->ZN
                         OR2_X4                  ff   1824.8     44.7     44.7      0.0      5.1      0.5      5.9      2   120,   86  /PD_TOP        (1.10)
cs0/genblk2_23_b/ha2/i_0_1/A1->ZN
                         AND2_X4                 ff   1849.9     25.1     25.1      0.0      8.7      0.3      2.5      1   120,   86  /PD_TOP        (1.10)
cs0/genblk2_23_b/i_0_0/A2->ZN
                         OR2_X4                  ff   1894.6     44.7     44.7      0.0      5.1      0.5      5.9      2   120,   86  /PD_TOP        (1.10)
cs0/genblk2_24_b/ha2/i_0_1/A1->ZN
                         AND2_X4                 ff   1919.7     25.1     25.1      0.0      8.7      0.3      2.5      1   120,   86  /PD_TOP        (1.10)
cs0/genblk2_24_b/i_0_0/A2->ZN
                         OR2_X4                  ff   1964.4     44.7     44.7      0.0      5.1      0.5      5.9      2   120,   86  /PD_TOP        (1.10)
cs0/genblk2_25_b/ha2/i_0_1/A1->ZN
                         AND2_X4                 ff   1989.5     25.1     25.1      0.0      8.7      0.3      2.5      1   120,   86  /PD_TOP        (1.10)
cs0/genblk2_25_b/i_0_0/A2->ZN
                         OR2_X4                  ff   2034.2     44.7     44.7      0.0      5.1      0.5      5.9      2   120,   86  /PD_TOP        (1.10)
cs0/genblk2_26_b/ha2/i_0_1/A1->ZN
                         AND2_X4                 ff   2059.3     25.1     25.1      0.0      8.7      0.3      2.5      1   120,   86  /PD_TOP        (1.10)
cs0/genblk2_26_b/i_0_0/A2->ZN
                         OR2_X4                  ff   2104.0     44.7     44.7      0.0      5.1      0.5      5.9      2   120,   86  /PD_TOP        (1.10)
cs0/genblk2_27_b/ha2/i_0_1/A1->ZN
                         AND2_X4                 ff   2129.1     25.1     25.1      0.0      8.7      0.3      2.5      1   120,   86  /PD_TOP        (1.10)
cs0/genblk2_27_b/i_0_0/A2->ZN
                         OR2_X4                  ff   2173.8     44.7     44.7      0.0      5.1      0.5      5.9      2   120,   86  /PD_TOP        (1.10)
cs0/genblk2_28_b/ha2/i_0_1/A1->ZN
                         AND2_X4                 ff   2198.9     25.1     25.1      0.0      8.7      0.3      2.5      1   120,   86  /PD_TOP        (1.10)
cs0/genblk2_28_b/i_0_0/A2->ZN
                         OR2_X4                  ff   2243.6     44.7     44.7      0.0      5.1      0.5      5.9      2   120,   86  /PD_TOP        (1.10)
cs0/genblk2_29_b/ha2/i_0_1/A1->ZN
                         AND2_X4                 ff   2268.7     25.1     25.1      0.0      8.7      0.3      2.5      1   120,   86  /PD_TOP        (1.10)
cs0/genblk2_29_b/i_0_0/A2->ZN
                         OR2_X4                  ff   2313.4     44.7     44.7      0.0      5.1      0.5      5.9      2   120,   86  /PD_TOP        (1.10)
cs0/genblk2_30_b/ha2/i_0_1/A1->ZN
                         AND2_X4                 ff   2338.5     25.1     25.1      0.0      8.7      0.3      2.5      1   120,   86  /PD_TOP        (1.10)
cs0/genblk2_30_b/i_0_0/A2->ZN
                         OR2_X4                  ff   2383.2     44.7     44.7      0.0      5.1      0.5      5.9      2   120,   86  /PD_TOP        (1.10)
cs0/genblk2_31_b/ha2/i_0_1/A1->ZN
                         AND2_X4                 ff   2408.3     25.1     25.1      0.0      8.7      0.3      2.5      1   120,   86  /PD_TOP        (1.10)
cs0/genblk2_31_b/i_0_0/A2->ZN
                         OR2_X4                  ff   2453.0     44.7     44.7      0.0      5.1      0.5      5.9      2   120,   86  /PD_TOP        (1.10)
cs0/genblk2_32_b/ha2/i_0_1/A1->ZN
                         AND2_X4                 ff   2478.1     25.1     25.1      0.0      8.7      0.3      2.5      1   120,   86  /PD_TOP        (1.10)
cs0/genblk2_32_b/i_0_0/A2->ZN
                         OR2_X4                  ff   2522.8     44.7     44.7      0.0      5.1      0.5      5.9      2   120,   86  /PD_TOP        (1.10)
cs0/genblk2_33_b/ha2/i_0_1/A1->ZN
                         AND2_X4                 ff   2547.9     25.1     25.1      0.0      8.7      0.3      2.5      1   120,   86  /PD_TOP        (1.10)
cs0/genblk2_33_b/i_0_0/A2->ZN
                         OR2_X4                  ff   2592.6     44.7     44.7      0.0      5.1      0.5      5.9      2   120,   86  /PD_TOP        (1.10)
cs0/genblk2_34_b/ha2/i_0_1/A1->ZN
                         AND2_X4                 ff   2617.7     25.1     25.1      0.0      8.7      0.3      2.5      1   120,   86  /PD_TOP        (1.10)
cs0/genblk2_34_b/i_0_0/A2->ZN
                         OR2_X4                  ff   2662.4     44.7     44.7      0.0      5.1      0.5      5.9      2   120,   86  /PD_TOP        (1.10)
cs0/genblk2_35_b/ha2/i_0_1/A1->ZN
                         AND2_X4                 ff   2687.5     25.1     25.1      0.0      8.7      0.3      2.5      1   120,   86  /PD_TOP        (1.10)
cs0/genblk2_35_b/i_0_0/A2->ZN
                         OR2_X4                  ff   2732.2     44.7     44.7      0.0      5.1      0.5      5.9      2   120,   86  /PD_TOP        (1.10)
cs0/genblk2_36_b/ha2/i_0_1/A1->ZN
                         AND2_X4                 ff   2757.3     25.1     25.1      0.0      8.7      0.3      2.5      1   120,   86  /PD_TOP        (1.10)
cs0/genblk2_36_b/i_0_0/A2->ZN
                         OR2_X4                  ff   2802.0     44.7     44.7      0.0      5.1      0.5      5.9      2   120,   86  /PD_TOP        (1.10)
cs0/genblk2_37_b/ha2/i_0_1/A1->ZN
                         AND2_X4                 ff   2827.1     25.1     25.1      0.0      8.7      0.3      2.5      1   120,   86  /PD_TOP        (1.10)
cs0/genblk2_37_b/i_0_0/A2->ZN
                         OR2_X4                  ff   2871.8     44.7     44.7      0.0      5.1      0.5      5.9      2   120,   86  /PD_TOP        (1.10)
cs0/genblk2_38_b/ha2/i_0_1/A1->ZN
                         AND2_X4                 ff   2896.9     25.1     25.1      0.0      8.7      0.3      2.5      1   120,   86  /PD_TOP        (1.10)
cs0/genblk2_38_b/i_0_0/A2->ZN
                         OR2_X4                  ff   2941.6     44.7     44.7      0.0      5.1      0.5      5.9      2   120,   86  /PD_TOP        (1.10)
cs0/genblk2_39_b/ha2/i_0_1/A1->ZN
                         AND2_X4                 ff   2966.7     25.1     25.1      0.0      8.7      0.3      2.5      1   120,   86  /PD_TOP        (1.10)
cs0/genblk2_39_b/i_0_0/A2->ZN
                         OR2_X4                  ff   3011.4     44.7     44.7      0.0      5.1      0.5      5.9      2   120,   86  /PD_TOP        (1.10)
cs0/genblk2_40_b/ha2/i_0_1/A1->ZN
                         AND2_X4                 ff   3036.5     25.1     25.1      0.0      8.7      0.3      2.5      1   120,   86  /PD_TOP        (1.10)
cs0/genblk2_40_b/i_0_0/A2->ZN
                         OR2_X4                  ff   3081.2     44.7     44.7      0.0      5.1      0.5      5.9      2   120,   86  /PD_TOP        (1.10)
cs0/genblk2_41_b/ha2/i_0_1/A1->ZN
                         AND2_X4                 ff   3106.3     25.1     25.1      0.0      8.7      0.3      2.5      1   120,   86  /PD_TOP        (1.10)
cs0/genblk2_41_b/i_0_0/A2->ZN
                         OR2_X4                  ff   3151.0     44.7     44.7      0.0      5.1      0.5      5.9      2   120,   86  /PD_TOP        (1.10)
cs0/genblk2_42_b/ha2/i_0_1/A1->ZN
                         AND2_X4                 ff   3176.1     25.1     25.1      0.0      8.7      0.3      2.5      1   120,   86  /PD_TOP        (1.10)
cs0/genblk2_42_b/i_0_0/A2->ZN
                         OR2_X4                  ff   3220.8     44.7     44.7      0.0      5.1      0.5      5.9      2   120,   86  /PD_TOP        (1.10)
cs0/genblk2_43_b/ha2/i_0_1/A1->ZN
                         AND2_X4                 ff   3245.9     25.1     25.1      0.0      8.7      0.3      2.5      1   120,   86  /PD_TOP        (1.10)
cs0/genblk2_43_b/i_0_0/A2->ZN
                         OR2_X4                  ff   3290.6     44.7     44.7      0.0      5.1      0.5      5.9      2   120,   86  /PD_TOP        (1.10)
cs0/genblk2_44_b/ha2/i_0_1/A1->ZN
                         AND2_X4                 ff   3315.7     25.1     25.1      0.0      8.7      0.3      2.5      1   120,   86  /PD_TOP        (1.10)
cs0/genblk2_44_b/i_0_0/A2->ZN
                         OR2_X4                  ff   3360.4     44.7     44.7      0.0      5.1      0.5      5.9      2   120,   86  /PD_TOP        (1.10)
cs0/genblk2_45_b/ha2/i_0_1/A1->ZN
                         AND2_X4                 ff   3385.5     25.1     25.1      0.0      8.7      0.3      2.5      1   120,   86  /PD_TOP        (1.10)
cs0/genblk2_45_b/i_0_0/A2->ZN
                         OR2_X4                  ff   3430.2     44.7     44.7      0.0      5.1      0.5      5.9      2   120,   86  /PD_TOP        (1.10)
cs0/genblk2_46_b/ha2/i_0_1/A1->ZN
                         AND2_X4                 ff   3455.3     25.1     25.1      0.0      8.7      0.3      2.5      1   120,   86  /PD_TOP        (1.10)
cs0/genblk2_46_b/i_0_0/A2->ZN
                         OR2_X4                  ff   3500.0     44.7     44.7      0.0      5.1      0.5      5.9      2   120,   86  /PD_TOP        (1.10)
cs0/genblk2_47_b/ha2/i_0_1/A1->ZN
                         AND2_X4                 ff   3525.1     25.1     25.1      0.0      8.7      0.3      2.5      1   120,   86  /PD_TOP        (1.10)
cs0/genblk2_47_b/i_0_0/A2->ZN
                         OR2_X4                  ff   3569.8     44.7     44.7      0.0      5.1      0.5      5.9      2   120,   86  /PD_TOP        (1.10)
cs0/genblk2_48_b/ha2/i_0_1/A1->ZN
                         AND2_X4                 ff   3594.9     25.1     25.1      0.0      8.7      0.3      2.5      1   120,   86  /PD_TOP        (1.10)
cs0/genblk2_48_b/i_0_0/A2->ZN
                         OR2_X4                  ff   3639.6     44.7     44.7      0.0      5.1      0.5      5.9      2   120,   86  /PD_TOP        (1.10)
cs0/genblk2_49_b/ha2/i_0_1/A1->ZN
                         AND2_X4                 ff   3664.7     25.1     25.1      0.0      8.7      0.3      2.5      1   120,   86  /PD_TOP        (1.10)
cs0/genblk2_49_b/i_0_0/A2->ZN
                         OR2_X4                  ff   3709.4     44.7     44.7      0.0      5.1      0.5      5.9      2   120,   86  /PD_TOP        (1.10)
cs0/genblk2_50_b/ha2/i_0_1/A1->ZN
                         AND2_X4                 ff   3734.5     25.1     25.1      0.0      8.7      0.3      2.5      1   120,   86  /PD_TOP        (1.10)
cs0/genblk2_50_b/i_0_0/A2->ZN
                         OR2_X4                  ff   3779.2     44.7     44.7      0.0      5.1      0.5      5.9      2   120,   86  /PD_TOP        (1.10)
cs0/genblk2_51_b/ha2/i_0_1/A1->ZN
                         AND2_X4                 ff   3804.3     25.1     25.1      0.0      8.7      0.3      2.5      1   120,   86  /PD_TOP        (1.10)
cs0/genblk2_51_b/i_0_0/A2->ZN
                         OR2_X4                  ff   3849.0     44.7     44.7      0.0      5.1      0.5      5.9      2   120,   86  /PD_TOP        (1.10)
cs0/genblk2_52_b/ha2/i_0_1/A1->ZN
                         AND2_X4                 ff   3874.1     25.1     25.1      0.0      8.7      0.3      2.5      1   120,   86  /PD_TOP        (1.10)
cs0/genblk2_52_b/i_0_0/A2->ZN
                         OR2_X4                  ff   3918.8     44.7     44.7      0.0      5.1      0.5      5.9      2   120,   86  /PD_TOP        (1.10)
cs0/genblk2_53_b/ha2/i_0_1/A1->ZN
                         AND2_X4                 ff   3943.9     25.1     25.1      0.0      8.7      0.3      2.5      1   120,   86  /PD_TOP        (1.10)
cs0/genblk2_53_b/i_0_0/A2->ZN
                         OR2_X4                  ff   3988.6     44.7     44.7      0.0      5.1      0.5      5.9      2   120,   86  /PD_TOP        (1.10)
cs0/genblk2_54_b/ha2/i_0_1/A1->ZN
                         AND2_X4                 ff   4013.7     25.1     25.1      0.0      8.7      0.3      2.5      1   120,   86  /PD_TOP        (1.10)
cs0/genblk2_54_b/i_0_0/A2->ZN
                         OR2_X4                  ff   4058.4     44.7     44.7      0.0      5.1      0.5      5.9      2   120,   86  /PD_TOP        (1.10)
cs0/genblk2_55_b/ha2/i_0_1/A1->ZN
                         AND2_X4                 ff   4083.5     25.1     25.1      0.0      8.7      0.3      2.5      1   120,   86  /PD_TOP        (1.10)
cs0/genblk2_55_b/i_0_0/A2->ZN
                         OR2_X4                  ff   4128.2     44.7     44.7      0.0      5.1      0.5      5.9      2   120,   86  /PD_TOP        (1.10)
cs0/genblk2_56_b/ha2/i_0_1/A1->ZN
                         AND2_X4                 ff   4153.3     25.1     25.1      0.0      8.7      0.3      2.5      1   120,   86  /PD_TOP        (1.10)
cs0/genblk2_56_b/i_0_0/A2->ZN
                         OR2_X4                  ff   4198.0     44.7     44.7      0.0      5.1      0.5      5.9      2   120,   86  /PD_TOP        (1.10)
cs0/genblk2_57_b/ha2/i_0_1/A1->ZN
                         AND2_X4                 ff   4223.1     25.1     25.1      0.0      8.7      0.3      2.5      1   120,   86  /PD_TOP        (1.10)
cs0/genblk2_57_b/i_0_0/A2->ZN
                         OR2_X4                  ff   4267.8     44.7     44.7      0.0      5.1      0.5      5.9      2   120,   86  /PD_TOP        (1.10)
cs0/genblk2_58_b/ha2/i_0_1/A1->ZN
                         AND2_X4                 ff   4292.9     25.1     25.1      0.0      8.7      0.3      2.5      1   120,   86  /PD_TOP        (1.10)
cs0/genblk2_58_b/i_0_0/A2->ZN
                         OR2_X4                  ff   4337.6     44.7     44.7      0.0      5.1      0.5      5.9      2   120,   86  /PD_TOP        (1.10)
cs0/genblk2_59_b/ha2/i_0_1/A1->ZN
                         AND2_X4                 ff   4362.7     25.1     25.1      0.0      8.7      0.3      2.5      1   120,   86  /PD_TOP        (1.10)
cs0/genblk2_59_b/i_0_0/A2->ZN
                         OR2_X4                  ff   4407.4     44.7     44.7      0.0      5.1      5.3      5.9      2   120,   86  /PD_TOP        (1.10)
cs0/genblk2_60_b/ha2/i_0_0/A->Z
                         XOR2_X2                 ff   4465.5     58.1     58.1      0.0      8.7      4.8     10.2      2   120,   86  /PD_TOP        (1.10)
cs10/genblk1_61_a/ha1/i_0_0/A->Z
                         XOR2_X2                 ff   4523.9     57.6     57.6      0.0     15.7      0.5      6.2      2   139,  148  /PD_TOP        (1.10)
cs10/genblk1_61_a/ha2/i_0_0/B->Z
                         XOR2_X2                 ff   4585.5     61.6     61.6      0.0     13.7      0.5      5.9      2   139,  148  /PD_TOP        (1.10)
cs10/genblk2_60_b/ha1/i_0_0/A->Z
                         XOR2_X2                 ff   4642.2     56.7     56.7      0.0     13.5      0.5      6.2      2   139,  148  /PD_TOP        (1.10)
cs10/genblk2_60_b/ha2/i_0_0/B->Z
                         XOR2_X2                 ff   4707.7     65.5     65.5      0.0     13.7      5.0     10.4      2   139,  148  /PD_TOP        (1.10)
cs14/genblk1_61_a/ha1/i_0_0/A->Z
                         XOR2_X2                 ff   4766.2     57.6     57.6      0.0     15.8      0.5      6.2      2    63,  140  /PD_TOP        (1.10)
cs14/genblk1_61_a/ha2/i_0_0/B->Z
                         XOR2_X2                 ff   4827.8     61.6     61.6      0.0     13.7      0.5      5.9      2    63,  140  /PD_TOP        (1.10)
cs14/genblk2_60_b/ha1/i_0_0/A->Z
                         XOR2_X2                 ff   4884.5     56.7     56.7      0.0     13.5      0.5      6.2      2    63,  140  /PD_TOP        (1.10)
cs14/genblk2_60_b/ha2/i_0_0/B->Z
                         XOR2_X2                 ff   4952.2     67.7     67.7      0.0     13.7      5.6     13.1      2    63,  140  /PD_TOP        (1.10)
ci/genblk1_15_RCA/genblk1_1_FA/i_0_0/B->Z
                         XOR2_X2                 ff   5018.1     64.8     64.8      0.0     17.2      0.6      7.9      2    55,   55  /PD_TOP        (1.10)
ci/genblk1_15_RCA/genblk1_1_FA/i_0_2/A1->ZN
                         AOI22_X4                fr   5079.2     61.1     61.1      0.0     14.5      0.3     25.8      1    55,   55  /PD_TOP        (1.10)
ci/genblk1_15_RCA/genblk1_1_FA/i_0_3/A->ZN
                         INV_X8                  rf   5087.5      8.3      8.3      0.0     50.3      0.6      8.3      2    55,   55  /PD_TOP        (1.10)
ci/genblk1_15_RCA/genblk1_2_FA/i_0_2/A2->ZN
                         AOI22_X4                fr   5149.5     62.0     62.0      0.0      3.9      0.3     25.8      1    55,   55  /PD_TOP        (1.10)
ci/genblk1_15_RCA/genblk1_2_FA/i_0_3/A->ZN
                         INV_X8                  rf   5155.5      6.0      6.0      0.0     50.3      0.3      3.7      1    55,   55  /PD_TOP        (1.10)
ci/genblk1_15_RCA/genblk1_3_FA/i_0_1/B->Z
                         XOR2_X2                 ff   5210.6     55.1     55.1      0.0      3.4      0.3      3.5      1    55,   55  /PD_TOP        (1.10)
ci/genblk1_15_inc/genblk1_3_HA/i_0_0/A->Z
                         XOR2_X2                 ff   5263.2     52.6     52.6      0.0     12.2      0.3      2.5      1    55,   55  /PD_TOP        (1.10)
i_0_0_64/A2->ZN          AND2_X4                 ff   5291.5     28.3     28.3      0.0     11.6      0.3      1.4      1    55,   55  /PD_TOP        (1.10)
Out_reg[63]/D            DFF_X1                   f   5291.5      0.0               0.0      4.8                             55,   55  /PD_TOP        (1.10)
------------------------------------------------------------------------------------------------------------------------------------------------------------
Report for group I2R
------------------------------------------------------------------------------------------------------------------------------------------------------------
Startpoint: A[31]
    (Clocked by vsysclk R)
Endpoint: x_reg[31]/D
    (Clocked by vsysclk R)
Path Group: I2R
Data required time: 5867.4
    (Clock shift: 6000.0, minus Uncertainty: 0.0, plus Latency 0.0, minus Setup time: 132.6)
Data arrival time: 200.5
Slack: 5666.9
Logic depth: 0
------------------------------------------------------------------------------------------------------------------------------------------------------------
                                                     Arrival               Arc      Net               Net    Total   fan-                                   
Path                     Module/Cell           Edge     Time    Delay    Delay    Delay     Slew     Load     Load    out     Location Power Domain      (V)
                                                        (ps)     (ps)     (ps)     (ps)     (ps)     (ff)     (ff)    (#)      (um,um)                      
------------------------------------------------------------------------------------------------------------------------------------------------------------
A[31]                    {set_input_delay}        r    200.0    200.0    200.0                        3.4      4.5      1    60,    0                       
x_reg[31]/D              DFF_X1                   r    200.5      0.0               0.0   1000.0                             55,   55  /PD_TOP        (1.10)
------------------------------------------------------------------------------------------------------------------------------------------------------------
Report for group I2O
Report for group R2O
------------------------------------------------------------------------------------------------------------------------------------------------------------
Startpoint: Out_reg[63]/Q
    (Clocked by vsysclk R)
Endpoint: Out[63]
    (Clocked by vsysclk R)
Path Group: R2O
Data required time: 5500.0
    (Clock shift: 6000.0, minus Uncertainty: 0.0, plus Latency 0.0, minus Out delay: 500.0)
Data arrival time: 96.7
Slack: 5403.3
Logic depth: 0
------------------------------------------------------------------------------------------------------------------------------------------------------------
                                                     Arrival               Arc      Net               Net    Total   fan-                                   
Path                     Module/Cell           Edge     Time    Delay    Delay    Delay     Slew     Load     Load    out     Location Power Domain      (V)
                                                        (ps)     (ps)     (ps)     (ps)     (ps)     (ff)     (ff)    (#)      (um,um)                      
------------------------------------------------------------------------------------------------------------------------------------------------------------
clk                      {create_clock}           r      0.0      0.0      0.0                        0.0      0.0     65    55,    0                       
Out_reg[63]/CK->Q        DFF_X1                  rf     96.2     96.2     96.2      0.0      0.0      3.6     13.6      1    55,   55  /PD_TOP        (1.10)
Out[63]                                           f     96.7      0.5               0.5     17.6                             64,    0                       
------------------------------------------------------------------------------------------------------------------------------------------------------------
